Component: ARM Compiler 5.06 update 7 (build 960) Tool: armlink [4d3601]

==============================================================================

Section Cross References

    startup_stm32f407xx.o(STACK) refers (Special) to heapauxi.o(.text) for __use_two_region_memory
    startup_stm32f407xx.o(HEAP) refers (Special) to heapauxi.o(.text) for __use_two_region_memory
    startup_stm32f407xx.o(RESET) refers (Special) to heapauxi.o(.text) for __use_two_region_memory
    startup_stm32f407xx.o(RESET) refers to startup_stm32f407xx.o(STACK) for __initial_sp
    startup_stm32f407xx.o(RESET) refers to startup_stm32f407xx.o(.text) for Reset_Handler
    startup_stm32f407xx.o(RESET) refers to stm32f4xx_it.o(i.NMI_Handler) for NMI_Handler
    startup_stm32f407xx.o(RESET) refers to stm32f4xx_it.o(i.HardFault_Handler) for HardFault_Handler
    startup_stm32f407xx.o(RESET) refers to stm32f4xx_it.o(i.MemManage_Handler) for MemManage_Handler
    startup_stm32f407xx.o(RESET) refers to stm32f4xx_it.o(i.BusFault_Handler) for BusFault_Handler
    startup_stm32f407xx.o(RESET) refers to stm32f4xx_it.o(i.UsageFault_Handler) for UsageFault_Handler
    startup_stm32f407xx.o(RESET) refers to stm32f4xx_it.o(i.SVC_Handler) for SVC_Handler
    startup_stm32f407xx.o(RESET) refers to stm32f4xx_it.o(i.DebugMon_Handler) for DebugMon_Handler
    startup_stm32f407xx.o(RESET) refers to stm32f4xx_it.o(i.PendSV_Handler) for PendSV_Handler
    startup_stm32f407xx.o(RESET) refers to stm32f4xx_it.o(i.SysTick_Handler) for SysTick_Handler
    startup_stm32f407xx.o(RESET) refers to stm32f4xx_it.o(i.DMA1_Stream1_IRQHandler) for DMA1_Stream1_IRQHandler
    startup_stm32f407xx.o(RESET) refers to stm32f4xx_it.o(i.DMA1_Stream5_IRQHandler) for DMA1_Stream5_IRQHandler
    startup_stm32f407xx.o(RESET) refers to stm32f4xx_it.o(i.TIM2_IRQHandler) for TIM2_IRQHandler
    startup_stm32f407xx.o(RESET) refers to stm32f4xx_it.o(i.TIM3_IRQHandler) for TIM3_IRQHandler
    startup_stm32f407xx.o(RESET) refers to stm32f4xx_it.o(i.TIM4_IRQHandler) for TIM4_IRQHandler
    startup_stm32f407xx.o(RESET) refers to stm32f4xx_it.o(i.USART2_IRQHandler) for USART2_IRQHandler
    startup_stm32f407xx.o(RESET) refers to stm32f4xx_it.o(i.USART3_IRQHandler) for USART3_IRQHandler
    startup_stm32f407xx.o(RESET) refers to stm32f4xx_it.o(i.DMA2_Stream1_IRQHandler) for DMA2_Stream1_IRQHandler
    startup_stm32f407xx.o(RESET) refers to stm32f4xx_it.o(i.USART6_IRQHandler) for USART6_IRQHandler
    startup_stm32f407xx.o(.text) refers (Special) to heapauxi.o(.text) for __use_two_region_memory
    startup_stm32f407xx.o(.text) refers to system_stm32f4xx.o(i.SystemInit) for SystemInit
    startup_stm32f407xx.o(.text) refers to __main.o(!!!main) for __main
    startup_stm32f407xx.o(.text) refers to startup_stm32f407xx.o(HEAP) for Heap_Mem
    startup_stm32f407xx.o(.text) refers to startup_stm32f407xx.o(STACK) for Stack_Mem
    main.o(i.SystemClock_Config) refers to rt_memclr_w.o(.text) for __aeabi_memclr4
    main.o(i.SystemClock_Config) refers to stm32f4xx_hal_rcc.o(i.HAL_RCC_OscConfig) for HAL_RCC_OscConfig
    main.o(i.SystemClock_Config) refers to main.o(i.Error_Handler) for Error_Handler
    main.o(i.SystemClock_Config) refers to stm32f4xx_hal_rcc.o(i.HAL_RCC_ClockConfig) for HAL_RCC_ClockConfig
    main.o(i.main) refers to stm32f4xx_hal.o(i.HAL_Init) for HAL_Init
    main.o(i.main) refers to main.o(i.SystemClock_Config) for SystemClock_Config
    main.o(i.main) refers to gpio.o(i.MX_GPIO_Init) for MX_GPIO_Init
    main.o(i.main) refers to dma.o(i.MX_DMA_Init) for MX_DMA_Init
    main.o(i.main) refers to tim.o(i.MX_TIM1_Init) for MX_TIM1_Init
    main.o(i.main) refers to usart.o(i.MX_USART1_UART_Init) for MX_USART1_UART_Init
    main.o(i.main) refers to usart.o(i.MX_USART2_UART_Init) for MX_USART2_UART_Init
    main.o(i.main) refers to usart.o(i.MX_USART3_UART_Init) for MX_USART3_UART_Init
    main.o(i.main) refers to usart.o(i.MX_USART6_UART_Init) for MX_USART6_UART_Init
    main.o(i.main) refers to tim.o(i.MX_TIM2_Init) for MX_TIM2_Init
    main.o(i.main) refers to tim.o(i.MX_TIM3_Init) for MX_TIM3_Init
    main.o(i.main) refers to tim.o(i.MX_TIM4_Init) for MX_TIM4_Init
    main.o(i.main) refers to hardware_config.o(i.HardwareConfig) for HardwareConfig
    main.o(i.main) refers to stm32f4xx_hal.o(i.HAL_Delay) for HAL_Delay
    main.o(i.main) refers to control.o(i.Emm_Test) for Emm_Test
    gpio.o(i.MX_GPIO_Init) refers to rt_memclr_w.o(.text) for __aeabi_memclr4
    gpio.o(i.MX_GPIO_Init) refers to stm32f4xx_hal_gpio.o(i.HAL_GPIO_WritePin) for HAL_GPIO_WritePin
    gpio.o(i.MX_GPIO_Init) refers to stm32f4xx_hal_gpio.o(i.HAL_GPIO_Init) for HAL_GPIO_Init
    dma.o(i.MX_DMA_Init) refers to stm32f4xx_hal_cortex.o(i.HAL_NVIC_SetPriority) for HAL_NVIC_SetPriority
    dma.o(i.MX_DMA_Init) refers to stm32f4xx_hal_cortex.o(i.HAL_NVIC_EnableIRQ) for HAL_NVIC_EnableIRQ
    tim.o(i.HAL_TIM_Base_MspDeInit) refers to stm32f4xx_hal_cortex.o(i.HAL_NVIC_DisableIRQ) for HAL_NVIC_DisableIRQ
[...]
    .ARM.Collect$$libshutdown$$00000004      0x08000246   Section        0  libshutdown2.o(.ARM.Collect$$libshutdown$$00000004)
    .ARM.Collect$$libshutdown$$00000006      0x08000246   Section        0  libshutdown2.o(.ARM.Collect$$libshutdown$$00000006)
    .ARM.Collect$$libshutdown$$00000009      0x08000246   Section        0  libshutdown2.o(.ARM.Collect$$libshutdown$$00000009)
    .ARM.Collect$$libshutdown$$0000000C      0x08000246   Section        0  libshutdown2.o(.ARM.Collect$$libshutdown$$0000000C)
    .ARM.Collect$$libshutdown$$0000000E      0x08000246   Section        0  libshutdown2.o(.ARM.Collect$$libshutdown$$0000000E)
    .ARM.Collect$$libshutdown$$00000011      0x08000246   Section        0  libshutdown2.o(.ARM.Collect$$libshutdown$$00000011)
    .ARM.Collect$$libshutdown$$00000012      0x08000246   Section        2  libshutdown2.o(.ARM.Collect$$libshutdown$$00000012)
    .ARM.Collect$$rtentry$$00000000          0x08000248   Section        0  __rtentry.o(.ARM.Collect$$rtentry$$00000000)
    .ARM.Collect$$rtentry$$00000002          0x08000248   Section        0  __rtentry2.o(.ARM.Collect$$rtentry$$00000002)
    .ARM.Collect$$rtentry$$00000004          0x08000248   Section        6  __rtentry4.o(.ARM.Collect$$rtentry$$00000004)
    .ARM.Collect$$rtentry$$00000009          0x0800024e   Section        0  __rtentry2.o(.ARM.Collect$$rtentry$$00000009)
    .ARM.Collect$$rtentry$$0000000A          0x0800024e   Section        4  __rtentry2.o(.ARM.Collect$$rtentry$$0000000A)
    .ARM.Collect$$rtentry$$0000000C          0x08000252   Section        0  __rtentry2.o(.ARM.Collect$$rtentry$$0000000C)
    .ARM.Collect$$rtentry$$0000000D          0x08000252   Section        8  __rtentry2.o(.ARM.Collect$$rtentry$$0000000D)
    .ARM.Collect$$rtexit$$00000000           0x0800025a   Section        2  rtexit.o(.ARM.Collect$$rtexit$$00000000)
    .ARM.Collect$$rtexit$$00000002           0x0800025c   Section        0  rtexit2.o(.ARM.Collect$$rtexit$$00000002)
    .ARM.Collect$$rtexit$$00000003           0x0800025c   Section        4  rtexit2.o(.ARM.Collect$$rtexit$$00000003)
    .ARM.Collect$$rtexit$$00000004           0x08000260   Section        6  rtexit2.o(.ARM.Collect$$rtexit$$00000004)
    .text                                    0x08000268   Section       64  startup_stm32f407xx.o(.text)
    $v0                                      0x08000268   Number         0  startup_stm32f407xx.o(.text)
    .text                                    0x080002a8   Section      238  lludivv7m.o(.text)
    .text                                    0x08000396   Section       68  rt_memclr.o(.text)
    .text                                    0x080003da   Section       78  rt_memclr_w.o(.text)
    .text                                    0x08000428   Section        0  heapauxi.o(.text)
    .text                                    0x0800042e   Section       74  sys_stackheap_outer.o(.text)
    .text                                    0x08000478   Section        0  exit.o(.text)
    .text                                    0x0800048c   Section        8  libspace.o(.text)
    .text                                    0x08000494   Section        0  sys_exit.o(.text)
    .text                                    0x080004a0   Section        2  use_no_semi.o(.text)
    .text                                    0x080004a2   Section        0  indicate_semi.o(.text)
    i.BusFault_Handler                       0x080004a2   Section        0  stm32f4xx_it.o(i.BusFault_Handler)
    i.Chess_Task                             0x080004a8   Section        0  chess_task.o(i.Chess_Task)
    i.Chess_Task1                            0x08000538   Section        0  chess_task.o(i.Chess_Task1)
    i.Chess_Task2                            0x08000550   Section        0  chess_task.o(i.Chess_Task2)
    i.Chess_Task3                            0x080005a8   Section        0  chess_task.o(i.Chess_Task3)
    i.Chess_Task4                            0x0800060c   Section        0  chess_task.o(i.Chess_Task4)
    i.Chess_Task5                            0x08000680   Section        0  chess_task.o(i.Chess_Task5)
    i.Chess_Task6                            0x080006fc   Section        0  chess_task.o(i.Chess_Task6)
    i.DMA1_Stream1_IRQHandler                0x08000744   Section        0  stm32f4xx_it.o(i.DMA1_Stream1_IRQHandler)
    i.DMA1_Stream5_IRQHandler                0x08000754   Section        0  stm32f4xx_it.o(i.DMA1_Stream5_IRQHandler)
    i.DMA2_Stream1_IRQHandler                0x08000764   Section        0  stm32f4xx_it.o(i.DMA2_Stream1_IRQHandler)
    i.DMA_CalcBaseAndBitshift                0x08000774   Section        0  stm32f4xx_hal_dma.o(i.DMA_CalcBaseAndBitshift)
    DMA_CalcBaseAndBitshift                  0x08000775   Thumb Code    46  stm32f4xx_hal_dma.o(i.DMA_CalcBaseAndBitshift)
    i.DMA_CheckFifoParam                     0x080007a8   Section        0  stm32f4xx_hal_dma.o(i.DMA_CheckFifoParam)
    DMA_CheckFifoParam                       0x080007a9   Thumb Code   170  stm32f4xx_hal_dma.o(i.DMA_CheckFifoParam)
    i.DMA_SetConfig                          0x08000852   Section        0  stm32f4xx_hal_dma.o(i.DMA_SetConfig)
    DMA_SetConfig                            0x08000853   Thumb Code    44  stm32f4xx_hal_dma.o(i.DMA_SetConfig)
    i.DWT_Init                               0x08000880   Section        0  bsp_dwt.o(i.DWT_Init)
    i.DebugMon_Handler                       0x080008e8   Section        0  stm32f4xx_it.o(i.DebugMon_Handler)
    i.Delay_Timer                            0x080008ec   Section        0  control_logic.o(i.Delay_Timer)
    i.EmmEN_Init                             0x080008fc   Section        0  control.o(i.EmmEN_Init)
    i.Emm_Test                               0x0800094e   Section        0  control.o(i.Emm_Test)
    i.Emm_V5_En_Control                      0x08000956   Section        0  emm_v5.o(i.Emm_V5_En_Control)
    i.Emm_V5_Pos_Control                     0x08000990   Section        0  emm_v5.o(i.Emm_V5_Pos_Control)
    i.Emm_V5_Synchronous_motion              0x080009fc   Section        0  emm_v5.o(i.Emm_V5_Synchronous_motion)
    i.Error_Handler                          0x08000a2a   Section        0  main.o(i.Error_Handler)
    i.HAL_DMA_Abort                          0x08000a30   Section        0  stm32f4xx_hal_dma.o(i.HAL_DMA_Abort)
    i.HAL_DMA_Abort_IT                       0x08000adc   Section        0  stm32f4xx_hal_dma.o(i.HAL_DMA_Abort_IT)
    i.HAL_DMA_IRQHandler                     0x08000b04   Section        0  stm32f4xx_hal_dma.o(i.HAL_DMA_IRQHandler)
    i.HAL_DMA_Init                           0x08000d44   Section        0  stm32f4xx_hal_dma.o(i.HAL_DMA_Init)
    i.HAL_DMA_Start_IT                       0x08000e30   Section        0  stm32f4xx_hal_dma.o(i.HAL_DMA_Start_IT)
    i.HAL_Delay                              0x08000ec4   Section        0  stm32f4xx_hal.o(i.HAL_Delay)
    i.HAL_GPIO_Init                          0x08000eec   Section        0  stm32f4xx_hal_gpio.o(i.HAL_GPIO_Init)
    i.HAL_GPIO_TogglePin                     0x080010e0   Section        0  stm32f4xx_hal_gpio.o(i.HAL_GPIO_TogglePin)
    i.HAL_GPIO_WritePin                      0x080010f4   Section        0  stm32f4xx_hal_gpio.o(i.HAL_GPIO_WritePin)
    i.HAL_GetTick                            0x08001100   Section        0  stm32f4xx_hal.o(i.HAL_GetTick)
    i.HAL_IncTick                            0x0800110c   Section        0  stm32f4xx_hal.o(i.HAL_IncTick)
    i.HAL_Init                               0x08001124   Section        0  stm32f4xx_hal.o(i.HAL_Init)
    i.HAL_InitTick                           0x08001160   Section        0  stm32f4xx_hal.o(i.HAL_InitTick)
    i.HAL_MspInit                            0x080011ac   Section        0  stm32f4xx_hal_msp.o(i.HAL_MspInit)
    i.HAL_NVIC_EnableIRQ                     0x080011f4   Section        0  stm32f4xx_hal_cortex.o(i.HAL_NVIC_EnableIRQ)
    i.HAL_NVIC_SetPriority                   0x0800121c   Section        0  stm32f4xx_hal_cortex.o(i.HAL_NVIC_SetPriority)
    i.HAL_NVIC_SetPriorityGrouping           0x08001298   Section        0  stm32f4xx_hal_cortex.o(i.HAL_NVIC_SetPriorityGrouping)
    i.HAL_RCC_ClockConfig                    0x080012c0   Section        0  stm32f4xx_hal_rcc.o(i.HAL_RCC_ClockConfig)
    i.HAL_RCC_GetHCLKFreq                    0x08001444   Section        0  stm32f4xx_hal_rcc.o(i.HAL_RCC_GetHCLKFreq)
    i.HAL_RCC_GetPCLK1Freq                   0x08001450   Section        0  stm32f4xx_hal_rcc.o(i.HAL_RCC_GetPCLK1Freq)
    i.HAL_RCC_GetPCLK2Freq                   0x08001470   Section        0  stm32f4xx_hal_rcc.o(i.HAL_RCC_GetPCLK2Freq)
    i.HAL_RCC_GetSysClockFreq                0x08001490   Section        0  stm32f4xx_hal_rcc.o(i.HAL_RCC_GetSysClockFreq)
    i.HAL_RCC_OscConfig                      0x08001540   Section        0  stm32f4xx_hal_rcc.o(i.HAL_RCC_OscConfig)
    i.HAL_SYSTICK_Config                     0x080019dc   Section        0  stm32f4xx_hal_cortex.o(i.HAL_SYSTICK_Config)
    i.HAL_TIMEx_BreakCallback                0x08001a10   Section        0  stm32f4xx_hal_tim_ex.o(i.HAL_TIMEx_BreakCallback)
    i.HAL_TIMEx_CommutCallback               0x08001a12   Section        0  stm32f4xx_hal_tim_ex.o(i.HAL_TIMEx_CommutCallback)
    i.HAL_TIMEx_ConfigBreakDeadTime          0x08001a14   Section        0  stm32f4xx_hal_tim_ex.o(i.HAL_TIMEx_ConfigBreakDeadTime)
    i.HAL_TIMEx_MasterConfigSynchronization  0x08001a88   Section        0  stm32f4xx_hal_tim_ex.o(i.HAL_TIMEx_MasterConfigSynchronization)
    i.HAL_TIM_Base_Init                      0x08001b3c   Section        0  stm32f4xx_hal_tim.o(i.HAL_TIM_Base_Init)
    i.HAL_TIM_Base_MspInit                   0x08001ba4   Section        0  tim.o(i.HAL_TIM_Base_MspInit)
    i.HAL_TIM_Base_Start_IT                  0x08001c9c   Section        0  stm32f4xx_hal_tim.o(i.HAL_TIM_Base_Start_IT)
    i.HAL_TIM_ConfigClockSource              0x08001d44   Section        0  stm32f4xx_hal_tim.o(i.HAL_TIM_ConfigClockSource)
    i.HAL_TIM_IC_CaptureCallback             0x08001e50   Section        0  stm32f4xx_hal_tim.o(i.HAL_TIM_IC_CaptureCallback)
    i.HAL_TIM_IRQHandler                     0x08001e52   Section        0  stm32f4xx_hal_tim.o(i.HAL_TIM_IRQHandler)
    i.HAL_TIM_MspPostInit                    0x08001fc0   Section        0  tim.o(i.HAL_TIM_MspPostInit)
    i.HAL_TIM_OC_DelayElapsedCallback        0x08002020   Section        0  stm32f4xx_hal_tim.o(i.HAL_TIM_OC_DelayElapsedCallback)
    i.HAL_TIM_PWM_ConfigChannel              0x08002022   Section        0  stm32f4xx_hal_tim.o(i.HAL_TIM_PWM_ConfigChannel)
    i.HAL_TIM_PWM_Init                       0x08002126   Section        0  stm32f4xx_hal_tim.o(i.HAL_TIM_PWM_Init)
    i.HAL_TIM_PWM_MspInit                    0x0800218c   Section        0  stm32f4xx_hal_tim.o(i.HAL_TIM_PWM_MspInit)
    i.HAL_TIM_PWM_PulseFinishedCallback      0x0800218e   Section        0  stm32f4xx_hal_tim.o(i.HAL_TIM_PWM_PulseFinishedCallback)
    i.HAL_TIM_PWM_Start                      0x08002190   Section        0  stm32f4xx_hal_tim.o(i.HAL_TIM_PWM_Start)
    i.HAL_TIM_PeriodElapsedCallback          0x0800229c   Section        0  control_logic.o(i.HAL_TIM_PeriodElapsedCallback)
    i.HAL_TIM_TriggerCallback                0x080022ec   Section        0  stm32f4xx_hal_tim.o(i.HAL_TIM_TriggerCallback)
    i.HAL_UARTEx_ReceiveToIdle_DMA           0x080022ee   Section        0  stm32f4xx_hal_uart.o(i.HAL_UARTEx_ReceiveToIdle_DMA)
    i.HAL_UARTEx_RxEventCallback             0x08002360   Section        0  usart_callback.o(i.HAL_UARTEx_RxEventCallback)
    i.HAL_UART_ErrorCallback                 0x080023d4   Section        0  usart_callback.o(i.HAL_UART_ErrorCallback)
    i.HAL_UART_IRQHandler                    0x08002430   Section        0  stm32f4xx_hal_uart.o(i.HAL_UART_IRQHandler)
    i.HAL_UART_Init                          0x08002718   Section        0  stm32f4xx_hal_uart.o(i.HAL_UART_Init)
    i.HAL_UART_MspInit                       0x08002790   Section        0  usart.o(i.HAL_UART_MspInit)
    i.HAL_UART_RxCpltCallback                0x08002a68   Section        0  usart_callback.o(i.HAL_UART_RxCpltCallback)
    i.HAL_UART_RxHalfCpltCallback            0x08002a6a   Section        0  stm32f4xx_hal_uart.o(i.HAL_UART_RxHalfCpltCallback)
    i.HAL_UART_Transmit                      0x08002a6c   Section        0  stm32f4xx_hal_uart.o(i.HAL_UART_Transmit)
    i.HAL_UART_TxCpltCallback                0x08002b2a   Section        0  stm32f4xx_hal_uart.o(i.HAL_UART_TxCpltCallback)
    i.HardFault_Handler                      0x08002b2c   Section        0  stm32f4xx_it.o(i.HardFault_Handler)
    i.HardwareConfig                         0x08002b30   Section        0  hardware_config.o(i.HardwareConfig)
    i.K230_UART_UnPack                       0x08002bdc   Section        0  k230.o(i.K230_UART_UnPack)
    i.LED_Task_Off                           0x08002cb0   Section        0  servo.o(i.LED_Task_Off)
    i.LED_Task_On                            0x08002cc4   Section        0  servo.o(i.LED_Task_On)
    i.MX_DMA_Init                            0x08002cd8   Section        0  dma.o(i.MX_DMA_Init)
    i.MX_GPIO_Init                           0x08002d50   Section        0  gpio.o(i.MX_GPIO_Init)
    i.MX_TIM1_Init                           0x08002e74   Section        0  tim.o(i.MX_TIM1_Init)
    i.MX_TIM2_Init                           0x08002f4c   Section        0  tim.o(i.MX_TIM2_Init)
    i.MX_TIM3_Init                           0x08002fb8   Section        0  tim.o(i.MX_TIM3_Init)
    i.MX_TIM4_Init                           0x08003024   Section        0  tim.o(i.MX_TIM4_Init)
    i.MX_USART1_UART_Init                    0x08003094   Section        0  usart.o(i.MX_USART1_UART_Init)
    i.MX_USART2_UART_Init                    0x080030cc   Section        0  usart.o(i.MX_USART2_UART_Init)
    i.MX_USART3_UART_Init                    0x08003104   Section        0  usart.o(i.MX_USART3_UART_Init)
    i.MX_USART6_UART_Init                    0x0800313c   Section        0  usart.o(i.MX_USART6_UART_Init)
    i.Magnet_Off                             0x08003174   Section        0  servo.o(i.Magnet_Off)
    i.Magnet_On                              0x08003188   Section        0  servo.o(i.Magnet_On)
    i.MemManage_Handler                      0x0800319c   Section        0  stm32f4xx_it.o(i.MemManage_Handler)
    i.NMI_Handler                            0x080031a0   Section        0  stm32f4xx_it.o(i.NMI_Handler)
    i.PendSV_Handler                         0x080031a4   Section        0  stm32f4xx_it.o(i.PendSV_Handler)
    i.Place_Chess                            0x080031a8   Section        0  control.o(i.Place_Chess)
    i.Return_Chess                           0x080032b0   Section        0  control.o(i.Return_Chess)
    i.SVC_Handler                            0x080033c4   Section        0  stm32f4xx_it.o(i.SVC_Handler)
    i.Servo                                  0x080033c8   Section        0  servo.o(i.Servo)
    i.Servo_Down                             0x0800340c   Section        0  servo.o(i.Servo_Down)
    i.Servo_Up                               0x08003420   Section        0  servo.o(i.Servo_Up)
    i.SysTick_Handler                        0x08003434   Section        0  stm32f4xx_it.o(i.SysTick_Handler)
    i.SystemClock_Config                     0x0800343c   Section        0  main.o(i.SystemClock_Config)
    i.SystemInit                             0x080034f0   Section        0  system_stm32f4xx.o(i.SystemInit)
    i.TIM2_IRQHandler                        0x08003504   Section        0  stm32f4xx_it.o(i.TIM2_IRQHandler)
    i.TIM3_IRQHandler                        0x08003514   Section        0  stm32f4xx_it.o(i.TIM3_IRQHandler)
    i.TIM4_IRQHandler                        0x08003524   Section        0  stm32f4xx_it.o(i.TIM4_IRQHandler)
    i.TIM_Base_SetConfig                     0x08003534   Section        0  stm32f4xx_hal_tim.o(i.TIM_Base_SetConfig)
    i.TIM_CCxChannelCmd                      0x0800361c   Section        0  stm32f4xx_hal_tim.o(i.TIM_CCxChannelCmd)
    i.TIM_ETR_SetConfig                      0x0800363e   Section        0  stm32f4xx_hal_tim.o(i.TIM_ETR_SetConfig)
    i.TIM_ITRx_SetConfig                     0x08003654   Section        0  stm32f4xx_hal_tim.o(i.TIM_ITRx_SetConfig)
    TIM_ITRx_SetConfig                       0x08003655   Thumb Code    18  stm32f4xx_hal_tim.o(i.TIM_ITRx_SetConfig)
    i.TIM_OC1_SetConfig                      0x08003668   Section        0  stm32f4xx_hal_tim.o(i.TIM_OC1_SetConfig)
    TIM_OC1_SetConfig                        0x08003669   Thumb Code   104  stm32f4xx_hal_tim.o(i.TIM_OC1_SetConfig)
    i.TIM_OC2_SetConfig                      0x080036d8   Section        0  stm32f4xx_hal_tim.o(i.TIM_OC2_SetConfig)
    i.TIM_OC3_SetConfig                      0x08003754   Section        0  stm32f4xx_hal_tim.o(i.TIM_OC3_SetConfig)
    TIM_OC3_SetConfig                        0x08003755   Thumb Code   112  stm32f4xx_hal_tim.o(i.TIM_OC3_SetConfig)
    i.TIM_OC4_SetConfig                      0x080037cc   Section        0  stm32f4xx_hal_tim.o(i.TIM_OC4_SetConfig)
    TIM_OC4_SetConfig                        0x080037cd   Thumb Code    74  stm32f4xx_hal_tim.o(i.TIM_OC4_SetConfig)
    i.TIM_TI1_ConfigInputStage               0x08003820   Section        0  stm32f4xx_hal_tim.o(i.TIM_TI1_ConfigInputStage)
    TIM_TI1_ConfigInputStage                 0x08003821   Thumb Code    38  stm32f4xx_hal_tim.o(i.TIM_TI1_ConfigInputStage)
    i.TIM_TI2_ConfigInputStage               0x08003846   Section        0  stm32f4xx_hal_tim.o(i.TIM_TI2_ConfigInputStage)
    TIM_TI2_ConfigInputStage                 0x08003847   Thumb Code    40  stm32f4xx_hal_tim.o(i.TIM_TI2_ConfigInputStage)
    i.TJC_UART_UnPack                        0x08003870   Section        0  tjc.o(i.TJC_UART_UnPack)
    i.UART_DMAAbortOnError                   0x0800395c   Section        0  stm32f4xx_hal_uart.o(i.UART_DMAAbortOnError)
    UART_DMAAbortOnError                     0x0800395d   Thumb Code    20  stm32f4xx_hal_uart.o(i.UART_DMAAbortOnError)
    i.UART_DMAError                          0x08003970   Section        0  stm32f4xx_hal_uart.o(i.UART_DMAError)
    UART_DMAError                            0x08003971   Thumb Code    80  stm32f4xx_hal_uart.o(i.UART_DMAError)
    i.UART_DMAReceiveCplt                    0x080039c0   Section        0  stm32f4xx_hal_uart.o(i.UART_DMAReceiveCplt)
    UART_DMAReceiveCplt                      0x080039c1   Thumb Code   180  stm32f4xx_hal_uart.o(i.UART_DMAReceiveCplt)
    i.UART_DMARxHalfCplt                     0x08003a74   Section        0  stm32f4xx_hal_uart.o(i.UART_DMARxHalfCplt)
    UART_DMARxHalfCplt                       0x08003a75   Thumb Code    36  stm32f4xx_hal_uart.o(i.UART_DMARxHalfCplt)
    i.UART_EndRxTransfer                     0x08003a98   Section        0  stm32f4xx_hal_uart.o(i.UART_EndRxTransfer)
    UART_EndRxTransfer                       0x08003a99   Thumb Code   108  stm32f4xx_hal_uart.o(i.UART_EndRxTransfer)
    i.UART_EndTransmit_IT                    0x08003b04   Section        0  stm32f4xx_hal_uart.o(i.UART_EndTransmit_IT)
    UART_EndTransmit_IT                      0x08003b05   Thumb Code    32  stm32f4xx_hal_uart.o(i.UART_EndTransmit_IT)
    i.UART_EndTxTransfer                     0x08003b24   Section        0  stm32f4xx_hal_uart.o(i.UART_EndTxTransfer)
    UART_EndTxTransfer                       0x08003b25   Thumb Code    38  stm32f4xx_hal_uart.o(i.UART_EndTxTransfer)
    i.UART_Receive_IT                        0x08003b4a   Section        0  stm32f4xx_hal_uart.o(i.UART_Receive_IT)
    UART_Receive_IT                          0x08003b4b   Thumb Code   252  stm32f4xx_hal_uart.o(i.UART_Receive_IT)
    i.UART_SetConfig                         0x08003c48   Section        0  stm32f4xx_hal_uart.o(i.UART_SetConfig)
    UART_SetConfig                           0x08003c49   Thumb Code   546  stm32f4xx_hal_uart.o(i.UART_SetConfig)
    i.UART_Start_Receive_DMA                 0x08003e74   Section        0  stm32f4xx_hal_uart.o(i.UART_Start_Receive_DMA)
    i.UART_Transmit_IT                       0x08003f3c   Section        0  stm32f4xx_hal_uart.o(i.UART_Transmit_IT)
    UART_Transmit_IT                         0x08003f3d   Thumb Code    96  stm32f4xx_hal_uart.o(i.UART_Transmit_IT)
    i.UART_WaitOnFlagUntilTimeout            0x08003f9c   Section        0  stm32f4xx_hal_uart.o(i.UART_WaitOnFlagUntilTimeout)
    UART_WaitOnFlagUntilTimeout              0x08003f9d   Thumb Code   140  stm32f4xx_hal_uart.o(i.UART_WaitOnFlagUntilTimeout)
    i.USART2_IRQHandler                      0x08004028   Section        0  stm32f4xx_it.o(i.USART2_IRQHandler)
    i.USART3_IRQHandler                      0x08004038   Section        0  stm32f4xx_it.o(i.USART3_IRQHandler)
    i.USART6_IRQHandler                      0x08004048   Section        0  stm32f4xx_it.o(i.USART6_IRQHandler)
    i.UsageFault_Handler                     0x08004058   Section        0  stm32f4xx_it.o(i.UsageFault_Handler)
    i.__NVIC_GetPriorityGrouping             0x0800405c   Section        0  stm32f4xx_hal_cortex.o(i.__NVIC_GetPriorityGrouping)
    __NVIC_GetPriorityGrouping               0x0800405d   Thumb Code    10  stm32f4xx_hal_cortex.o(i.__NVIC_GetPriorityGrouping)
    i.__NVIC_SetPriority                     0x0800406c   Section        0  stm32f4xx_hal_cortex.o(i.__NVIC_SetPriority)
    __NVIC_SetPriority                       0x0800406d   Thumb Code    32  stm32f4xx_hal_cortex.o(i.__NVIC_SetPriority)
    i.checkDelayTimer                        0x08004094   Section        0  control_logic.o(i.checkDelayTimer)
    i.control_t                              0x080040a8   Section        0  control.o(i.control_t)
    i.control_to_zero                        0x08004160   Section        0  control.o(i.control_to_zero)
    i.main                                   0x08004228   Section        0  main.o(i.main)
    i.usart2_SendCmd                         0x0800426c   Section        0  bsp_uart.o(i.usart2_SendCmd)
    x$fpl$fpinit                             0x080042a4   Section       10  fpinit.o(x$fpl$fpinit)
    $v0                                      0x080042a4   Number         0  fpinit.o(x$fpl$fpinit)
    .constdata                               0x080042ae   Section        8  stm32f4xx_hal_dma.o(.constdata)
    flagBitshiftOffset                       0x080042ae   Data           8  stm32f4xx_hal_dma.o(.constdata)
    .constdata                               0x080042b6   Section       24  system_stm32f4xx.o(.constdata)
    .data                                    0x20000000   Section        9  stm32f4xx_hal.o(.data)
    .data                                    0x2000000c   Section        4  system_stm32f4xx.o(.data)
    .data                                    0x20000010   Section       64  bsp_dwt.o(.data)
    CPU_FREQ_Hz                              0x20000018   Data           4  bsp_dwt.o(.data)
    CPU_FREQ_Hz_ms                           0x2000001c   Data           4  bsp_dwt.o(.data)
    CPU_FREQ_Hz_us                           0x20000020   Data           4  bsp_dwt.o(.data)
    CYCCNT_RountCount                        0x20000024   Data           4  bsp_dwt.o(.data)
    CYCCNT_LAST                              0x20000028   Data           4  bsp_dwt.o(.data)
    CNT_TEMP1                                0x20000038   Data           8  bsp_dwt.o(.data)
    CNT_TEMP2                                0x20000040   Data           8  bsp_dwt.o(.data)
    CNT_TEMP3                                0x20000048   Data           8  bsp_dwt.o(.data)
    .data                                    0x20000050   Section      232  control.o(.data)
    .data                                    0x20000138   Section        4  tjc.o(.data)
    .data                                    0x2000013c   Section        8  servo.o(.data)
    .data                                    0x20000144   Section        3  k230.o(.data)
    .data                                    0x20000148   Section       12  control_logic.o(.data)
    .data                                    0x20000154   Section       15  chess_task.o(.data)
    .bss                                     0x20000164   Section      288  tim.o(.bss)
    .bss                                     0x20000284   Section      576  usart.o(.bss)
    .bss                                     0x200004c4   Section      520  bsp_uart.o(.bss)
    .bss                                     0x200006cc   Section       96  libspace.o(.bss)
    HEAP                                     0x20000730   Section      512  startup_stm32f407xx.o(HEAP)
    Heap_Mem                                 0x20000730   Data         512  startup_stm32f407xx.o(HEAP)
    STACK                                    0x20000930   Section     1024  startup_stm32f407xx.o(STACK)
    Stack_Mem                                0x20000930   Data        1024  startup_stm32f407xx.o(STACK)
    __initial_sp                             0x20000d30   Data           0  startup_stm32f407xx.o(STACK)

    Global Symbols

    Symbol Name                              Value     Ov Type        Size  Object(Section)

    BuildAttributes$$THM_ISAv4$E$P$D$K$B$S$7EM$VFPi3$EXTD16$VFPS$VFMA$PE$A:L22UL41UL21$X:L11$S22US41US21$IEEE1$IW$USESV6$~STKCKD$USESV7$~SHL$OSPACE$ROPI$EBA8$UX$STANDARDLIB$REQ8$PRES8$EABIv2 0x00000000   Number         0  anon$$obj.o ABSOLUTE
    __ARM_use_no_argv                        0x00000000   Number         0  main.o ABSOLUTE
    __ARM_exceptions_init                     - Undefined Weak Reference
    __alloca_initialize                       - Undefined Weak Reference
    __arm_fini_                               - Undefined Weak Reference
    __arm_preinit_                            - Undefined Weak Reference
    __cpp_initialize__aeabi_                  - Undefined Weak Reference
    __cxa_finalize                            - Undefined Weak Reference
    __rt_locale                               - Undefined Weak Reference
    __sigvec_lookup                           - Undefined Weak Reference
    _atexit_init                              - Undefined Weak Reference
    _call_atexit_fns                          - Undefined Weak Reference
    _clock_init                               - Undefined Weak Reference
    _fp_trap_init                             - Undefined Weak Reference
    _fp_trap_shutdown                         - Undefined Weak Reference
    _get_lc_collate                           - Undefined Weak Reference
    _get_lc_ctype                             - Undefined Weak Reference
    _get_lc_monetary                          - Undefined Weak Reference
    _get_lc_numeric                           - Undefined Weak Reference
    _get_lc_time                              - Undefined Weak Reference
    _getenv_init                              - Undefined Weak Reference
    _handle_redirection                       - Undefined Weak Reference
    _init_alloc                               - Undefined Weak Reference
    _init_user_alloc                          - Undefined Weak Reference
    _initio                                   - Undefined Weak Reference
    _rand_init                                - Undefined Weak Reference
    _signal_finish                            - Undefined Weak Reference
    _signal_init                              - Undefined Weak Reference
    _terminate_alloc                          - Undefined Weak Reference
    _terminate_user_alloc                     - Undefined Weak Reference
    _terminateio                              - Undefined Weak Reference
    __Vectors_Size                           0x00000188   Number         0  startup_stm32f407xx.o ABSOLUTE
    __Vectors                                0x08000000   Data           4  startup_stm32f407xx.o(RESET)
    __Vectors_End                            0x08000188   Data           0  startup_stm32f407xx.o(RESET)
    __main                                   0x08000189   Thumb Code     8  __main.o(!!!main)
    __scatterload                            0x08000191   Thumb Code     0  __scatter.o(!!!scatter)
    __scatterload_rt2                        0x08000191   Thumb Code    44  __scatter.o(!!!scatter)
    __scatterload_rt2_thumb_only             0x08000191   Thumb Code     0  __scatter.o(!!!scatter)
    __scatterload_null                       0x0800019f   Thumb Code     0  __scatter.o(!!!scatter)
    __decompress                             0x080001c5   Thumb Code    90  __dczerorl2.o(!!dczerorl2)
    __decompress1                            0x080001c5   Thumb Code     0  __dczerorl2.o(!!dczerorl2)
    __scatterload_zeroinit                   0x08000221   Thumb Code    28  __scatter_zi.o(!!handler_zi)
    __rt_lib_init                            0x0800023d   Thumb Code     0  libinit.o(.ARM.Collect$$libinit$$00000000)
    __rt_lib_init_fp_1                       0x0800023f   Thumb Code     0  libinit2.o(.ARM.Collect$$libinit$$00000001)
    __rt_lib_init_alloca_1                   0x08000243   Thumb Code     0  libinit2.o(.ARM.Collect$$libinit$$0000002E)
    __rt_lib_init_argv_1                     0x08000243   Thumb Code     0  libinit2.o(.ARM.Collect$$libinit$$0000002C)
    __rt_lib_init_atexit_1                   0x08000243   Thumb Code     0  libinit2.o(.ARM.Collect$$libinit$$0000001B)
    __rt_lib_init_clock_1                    0x08000243   Thumb Code     0  libinit2.o(.ARM.Collect$$libinit$$00000021)
    __rt_lib_init_cpp_1                      0x08000243   Thumb Code     0  libinit2.o(.ARM.Collect$$libinit$$00000032)
    __rt_lib_init_exceptions_1               0x08000243   Thumb Code     0  libinit2.o(.ARM.Collect$$libinit$$00000030)
    __rt_lib_init_fp_trap_1                  0x08000243   Thumb Code     0  libinit2.o(.ARM.Collect$$libinit$$0000001F)
    __rt_lib_init_getenv_1                   0x08000243   Thumb Code     0  libinit2.o(.ARM.Collect$$libinit$$00000023)
    __rt_lib_init_heap_1                     0x08000243   Thumb Code     0  libinit2.o(.ARM.Collect$$libinit$$0000000A)
    __rt_lib_init_lc_collate_1               0x08000243   Thumb Code     0  libinit2.o(.ARM.Collect$$libinit$$00000011)
    __rt_lib_init_lc_ctype_1                 0x08000243   Thumb Code     0  libinit2.o(.ARM.Collect$$libinit$$00000013)
    __rt_lib_init_lc_monetary_1              0x08000243   Thumb Code     0  libinit2.o(.ARM.Collect$$libinit$$00000015)
    __rt_lib_init_lc_numeric_1               0x08000243   Thumb Code     0  libinit2.o(.ARM.Collect$$libinit$$00000017)
    __rt_lib_init_lc_time_1                  0x08000243   Thumb Code     0  libinit2.o(.ARM.Collect$$libinit$$00000019)
    __rt_lib_init_preinit_1                  0x08000243   Thumb Code     0  libinit2.o(.ARM.Collect$$libinit$$00000004)
    __rt_lib_init_rand_1                     0x08000243   Thumb Code     0  libinit2.o(.ARM.Collect$$libinit$$0000000E)
    __rt_lib_init_return                     0x08000243   Thumb Code     0  libinit2.o(.ARM.Collect$$libinit$$00000033)
    __rt_lib_init_signal_1                   0x08000243   Thumb Code     0  libinit2.o(.ARM.Collect$$libinit$$0000001D)
    __rt_lib_init_stdio_1                    0x08000243   Thumb Code     0  libinit2.o(.ARM.Collect$$libinit$$00000025)
    __rt_lib_init_user_alloc_1               0x08000243   Thumb Code     0  libinit2.o(.ARM.Collect$$libinit$$0000000C)
    __rt_lib_shutdown                        0x08000245   Thumb Code     0  libshutdown.o(.ARM.Collect$$libshutdown$$00000000)
    __rt_lib_shutdown_cpp_1                  0x08000247   Thumb Code     0  libshutdown2.o(.ARM.Collect$$libshutdown$$00000004)
    __rt_lib_shutdown_fini_1                 0x08000247   Thumb Code     0  libshutdown2.o(.ARM.Collect$$libshutdown$$00000002)
    __rt_lib_shutdown_fp_trap_1              0x08000247   Thumb Code     0  libshutdown2.o(.ARM.Collect$$libshutdown$$00000009)
    __rt_lib_shutdown_heap_1                 0x08000247   Thumb Code     0  libshutdown2.o(.ARM.Collect$$libshutdown$$00000011)
    __rt_lib_shutdown_return                 0x08000247   Thumb Code     0  libshutdown2.o(.ARM.Collect$$libshutdown$$00000012)
    __rt_lib_shutdown_signal_1               0x08000247   Thumb Code     0  libshutdown2.o(.ARM.Collect$$libshutdown$$0000000C)
    __rt_lib_shutdown_stdio_1                0x08000247   Thumb Code     0  libshutdown2.o(.ARM.Collect$$libshutdown$$00000006)
    __rt_lib_shutdown_user_alloc_1           0x08000247   Thumb Code     0  libshutdown2.o(.ARM.Collect$$libshutdown$$0000000E)
    __rt_entry                               0x08000249   Thumb Code     0  __rtentry.o(.ARM.Collect$$rtentry$$00000000)
    __rt_entry_presh_1                       0x08000249   Thumb Code     0  __rtentry2.o(.ARM.Collect$$rtentry$$00000002)
    __rt_entry_sh                            0x08000249   Thumb Code     0  __rtentry4.o(.ARM.Collect$$rtentry$$00000004)
    __rt_entry_li                            0x0800024f   Thumb Code     0  __rtentry2.o(.ARM.Collect$$rtentry$$0000000A)
    __rt_entry_postsh_1                      0x0800024f   Thumb Code     0  __rtentry2.o(.ARM.Collect$$rtentry$$00000009)
    __rt_entry_main                          0x08000253   Thumb Code     0  __rtentry2.o(.ARM.Collect$$rtentry$$0000000D)
    __rt_entry_postli_1                      0x08000253   Thumb Code     0  __rtentry2.o(.ARM.Collect$$rtentry$$0000000C)
    __rt_exit                                0x0800025b   Thumb Code     0  rtexit.o(.ARM.Collect$$rtexit$$00000000)
    __rt_exit_ls                             0x0800025d   Thumb Code     0  rtexit2.o(.ARM.Collect$$rtexit$$00000003)
    __rt_exit_prels_1                        0x0800025d   Thumb Code     0  rtexit2.o(.ARM.Collect$$rtexit$$00000002)
    __rt_exit_exit                           0x08000261   Thumb Code     0  rtexit2.o(.ARM.Collect$$rtexit$$00000004)
    Reset_Handler                            0x08000269   Thumb Code     8  startup_stm32f407xx.o(.text)
    ADC_IRQHandler                           0x08000283   Thumb Code     0  startup_stm32f407xx.o(.text)
    CAN1_RX0_IRQHandler                      0x08000283   Thumb Code     0  startup_stm32f407xx.o(.text)
    CAN1_RX1_IRQHandler                      0x08000283   Thumb Code     0  startup_stm32f407xx.o(.text)
    CAN1_SCE_IRQHandler                      0x08000283   Thumb Code     0  startup_stm32f407xx.o(.text)
    CAN1_TX_IRQHandler                       0x08000283   Thumb Code     0  startup_stm32f407xx.o(.text)
    CAN2_RX0_IRQHandler                      0x08000283   Thumb Code     0  startup_stm32f407xx.o(.text)
    CAN2_RX1_IRQHandler                      0x08000283   Thumb Code     0  startup_stm32f407xx.o(.text)
    CAN2_SCE_IRQHandler                      0x08000283   Thumb Code     0  startup_stm32f407xx.o(.text)
    CAN2_TX_IRQHandler                       0x08000283   Thumb Code     0  startup_stm32f407xx.o(.text)
    DCMI_IRQHandler                          0x08000283   Thumb Code     0  startup_stm32f407xx.o(.text)
    DMA1_Stream0_IRQHandler                  0x08000283   Thumb Code     0  startup_stm32f407xx.o(.text)
    DMA1_Stream2_IRQHandler                  0x08000283   Thumb Code     0  startup_stm32f407xx.o(.text)
    DMA1_Stream3_IRQHandler                  0x08000283   Thumb Code     0  startup_stm32f407xx.o(.text)
    DMA1_Stream4_IRQHandler                  0x08000283   Thumb Code     0  startup_stm32f407xx.o(.text)
    DMA1_Stream6_IRQHandler                  0x08000283   Thumb Code     0  startup_stm32f407xx.o(.text)
    DMA1_Stream7_IRQHandler                  0x08000283   Thumb Code     0  startup_stm32f407xx.o(.text)
    DMA2_Stream0_IRQHandler                  0x08000283   Thumb Code     0  startup_stm32f407xx.o(.text)
    DMA2_Stream2_IRQHandler                  0x08000283   Thumb Code     0  startup_stm32f407xx.o(.text)
    DMA2_Stream3_IRQHandler                  0x08000283   Thumb Code     0  startup_stm32f407xx.o(.text)
    DMA2_Stream4_IRQHandler                  0x08000283   Thumb Code     0  startup_stm32f407xx.o(.text)
    DMA2_Stream5_IRQHandler                  0x08000283   Thumb Code     0  startup_stm32f407xx.o(.text)
    DMA2_Stream6_IRQHandler                  0x08000283   Thumb Code     0  startup_stm32f407xx.o(.text)
    DMA2_Stream7_IRQHandler                  0x08000283   Thumb Code     0  startup_stm32f407xx.o(.text)
    ETH_IRQHandler                           0x08000283   Thumb Code     0  startup_stm32f407xx.o(.text)
    ETH_WKUP_IRQHandler                      0x08000283   Thumb Code     0  startup_stm32f407xx.o(.text)
    EXTI0_IRQHandler                         0x08000283   Thumb Code     0  startup_stm32f407xx.o(.text)
    EXTI15_10_IRQHandler                     0x08000283   Thumb Code     0  startup_stm32f407xx.o(.text)
    EXTI1_IRQHandler                         0x08000283   Thumb Code     0  startup_stm32f407xx.o(.text)
    EXTI2_IRQHandler                         0x08000283   Thumb Code     0  startup_stm32f407xx.o(.text)
    EXTI3_IRQHandler                         0x08000283   Thumb Code     0  startup_stm32f407xx.o(.text)
    EXTI4_IRQHandler                         0x08000283   Thumb Code     0  startup_stm32f407xx.o(.text)
    EXTI9_5_IRQHandler                       0x08000283   Thumb Code     0  startup_stm32f407xx.o(.text)
    FLASH_IRQHandler                         0x08000283   Thumb Code     0  startup_stm32f407xx.o(.text)
    FMC_IRQHandler                           0x08000283   Thumb Code     0  startup_stm32f407xx.o(.text)
    FPU_IRQHandler                           0x08000283   Thumb Code     0  startup_stm32f407xx.o(.text)
    HASH_RNG_IRQHandler                      0x08000283   Thumb Code     0  startup_stm32f407xx.o(.text)
    I2C1_ER_IRQHandler                       0x08000283   Thumb Code     0  startup_stm32f407xx.o(.text)
    I2C1_EV_IRQHandler                       0x08000283   Thumb Code     0  startup_stm32f407xx.o(.text)
    I2C2_ER_IRQHandler                       0x08000283   Thumb Code     0  startup_stm32f407xx.o(.text)
    I2C2_EV_IRQHandler                       0x08000283   Thumb Code     0  startup_stm32f407xx.o(.text)
    I2C3_ER_IRQHandler                       0x08000283   Thumb Code     0  startup_stm32f407xx.o(.text)
    I2C3_EV_IRQHandler                       0x08000283   Thumb Code     0  startup_stm32f407xx.o(.text)
    OTG_FS_IRQHandler                        0x08000283   Thumb Code     0  startup_stm32f407xx.o(.text)
    OTG_FS_WKUP_IRQHandler                   0x08000283   Thumb Code     0  startup_stm32f407xx.o(.text)
    OTG_HS_EP1_IN_IRQHandler                 0x08000283   Thumb Code     0  startup_stm32f407xx.o(.text)
    OTG_HS_EP1_OUT_IRQHandler                0x08000283   Thumb Code     0  startup_stm32f407xx.o(.text)
    OTG_HS_IRQHandler                        0x08000283   Thumb Code     0  startup_stm32f407xx.o(.text)
    OTG_HS_WKUP_IRQHandler                   0x08000283   Thumb Code     0  startup_stm32f407xx.o(.text)
    PVD_IRQHandler                           0x08000283   Thumb Code     0  startup_stm32f407xx.o(.text)
    RCC_IRQHandler                           0x08000283   Thumb Code     0  startup_stm32f407xx.o(.text)
    RTC_Alarm_IRQHandler                     0x08000283   Thumb Code     0  startup_stm32f407xx.o(.text)
    RTC_WKUP_IRQHandler                      0x08000283   Thumb Code     0  startup_stm32f407xx.o(.text)
    SDIO_IRQHandler                          0x08000283   Thumb Code     0  startup_stm32f407xx.o(.text)
    SPI1_IRQHandler                          0x08000283   Thumb Code     0  startup_stm32f407xx.o(.text)
    SPI2_IRQHandler                          0x08000283   Thumb Code     0  startup_stm32f407xx.o(.text)
    SPI3_IRQHandler                          0x08000283   Thumb Code     0  startup_stm32f407xx.o(.text)
    TAMP_STAMP_IRQHandler                    0x08000283   Thumb Code     0  startup_stm32f407xx.o(.text)
    TIM1_BRK_TIM9_IRQHandler                 0x08000283   Thumb Code     0  startup_stm32f407xx.o(.text)
    TIM1_CC_IRQHandler                       0x08000283   Thumb Code     0  startup_stm32f407xx.o(.text)
    TIM1_TRG_COM_TIM11_IRQHandler            0x08000283   Thumb Code     0  startup_stm32f407xx.o(.text)
    TIM1_UP_TIM10_IRQHandler                 0x08000283   Thumb Code     0  startup_stm32f407xx.o(.text)
    TIM5_IRQHandler                          0x08000283   Thumb Code     0  startup_stm32f407xx.o(.text)
    TIM6_DAC_IRQHandler                      0x08000283   Thumb Code     0  startup_stm32f407xx.o(.text)
    TIM7_IRQHandler                          0x08000283   Thumb Code     0  startup_stm32f407xx.o(.text)
    TIM8_BRK_TIM12_IRQHandler                0x08000283   Thumb Code     0  startup_stm32f407xx.o(.text)
    TIM8_CC_IRQHandler                       0x08000283   Thumb Code     0  startup_stm32f407xx.o(.text)
    TIM8_TRG_COM_TIM14_IRQHandler            0x08000283   Thumb Code     0  startup_stm32f407xx.o(.text)
    TIM8_UP_TIM13_IRQHandler                 0x08000283   Thumb Code     0  startup_stm32f407xx.o(.text)
    UART4_IRQHandler                         0x08000283   Thumb Code     0  startup_stm32f407xx.o(.text)
    UART5_IRQHandler                         0x08000283   Thumb Code     0  startup_stm32f407xx.o(.text)
    USART1_IRQHandler                        0x08000283   Thumb Code     0  startup_stm32f407xx.o(.text)
    WWDG_IRQHandler                          0x08000283   Thumb Code     0  startup_stm32f407xx.o(.text)
    __user_initial_stackheap                 0x08000285   Thumb Code     0  startup_stm32f407xx.o(.text)
    __aeabi_uldivmod                         0x080002a9   Thumb Code     0  lludivv7m.o(.text)
    _ll_udiv                                 0x080002a9   Thumb Code   238  lludivv7m.o(.text)
    __aeabi_memclr                           0x08000397   Thumb Code     0  rt_memclr.o(.text)
    __rt_memclr                              0x08000397   Thumb Code    68  rt_memclr.o(.text)
    _memset                                  0x0800039b   Thumb Code     0  rt_memclr.o(.text)
    __aeabi_memclr4                          0x080003db   Thumb Code     0  rt_memclr_w.o(.text)
    __aeabi_memclr8                          0x080003db   Thumb Code     0  rt_memclr_w.o(.text)
    __rt_memclr_w                            0x080003db   Thumb Code    78  rt_memclr_w.o(.text)
    _memset_w                                0x080003df   Thumb Code     0  rt_memclr_w.o(.text)
    __use_two_region_memory                  0x08000429   Thumb Code     2  heapauxi.o(.text)
    __rt_heap_escrow$2region                 0x0800042b   Thumb Code     2  heapauxi.o(.text)
    __rt_heap_expand$2region                 0x0800042d   Thumb Code     2  heapauxi.o(.text)
    __user_setup_stackheap                   0x0800042f   Thumb Code    74  sys_stackheap_outer.o(.text)
    exit                                     0x08000479   Thumb Code    18  exit.o(.text)
    __user_libspace                          0x0800048d   Thumb Code     8  libspace.o(.text)
    __user_perproc_libspace                  0x0800048d   Thumb Code     0  libspace.o(.text)
    __user_perthread_libspace                0x0800048d   Thumb Code     0  libspace.o(.text)
    _sys_exit                                0x08000495   Thumb Code     8  sys_exit.o(.text)
    __I$use$semihosting                      0x080004a1   Thumb Code     0  use_no_semi.o(.text)
    __use_no_semihosting_swi                 0x080004a1   Thumb Code     2  use_no_semi.o(.text)
    BusFault_Handler                         0x080004a3   Thumb Code     4  stm32f4xx_it.o(i.BusFault_Handler)
    __semihosting_library_function           0x080004a3   Thumb Code     0  indicate_semi.o(.text)
    Chess_Task                               0x080004a9   Thumb Code   118  chess_task.o(i.Chess_Task)
    Chess_Task1                              0x08000539   Thumb Code    20  chess_task.o(i.Chess_Task1)
    Chess_Task2                              0x08000551   Thumb Code    80  chess_task.o(i.Chess_Task2)
    Chess_Task3                              0x080005a9   Thumb Code    86  chess_task.o(i.Chess_Task3)
    Chess_Task4                              0x0800060d   Thumb Code   100  chess_task.o(i.Chess_Task4)
    Chess_Task5                              0x08000681   Thumb Code   108  chess_task.o(i.Chess_Task5)
    Chess_Task6                              0x080006fd   Thumb Code    56  chess_task.o(i.Chess_Task6)
    DMA1_Stream1_IRQHandler                  0x08000745   Thumb Code    10  stm32f4xx_it.o(i.DMA1_Stream1_IRQHandler)
    DMA1_Stream5_IRQHandler                  0x08000755   Thumb Code    10  stm32f4xx_it.o(i.DMA1_Stream5_IRQHandler)
    DMA2_Stream1_IRQHandler                  0x08000765   Thumb Code    10  stm32f4xx_it.o(i.DMA2_Stream1_IRQHandler)
    DWT_Init                                 0x08000881   Thumb Code    74  bsp_dwt.o(i.DWT_Init)
    DebugMon_Handler                         0x080008e9   Thumb Code     2  stm32f4xx_it.o(i.DebugMon_Handler)
    Delay_Timer                              0x080008ed   Thumb Code    12  control_logic.o(i.Delay_Timer)
    EmmEN_Init                               0x080008fd   Thumb Code    82  control.o(i.EmmEN_Init)
    Emm_Test                                 0x0800094f   Thumb Code     8  control.o(i.Emm_Test)
    Emm_V5_En_Control                        0x08000957   Thumb Code    58  emm_v5.o(i.Emm_V5_En_Control)
    Emm_V5_Pos_Control                       0x08000991   Thumb Code   108  emm_v5.o(i.Emm_V5_Pos_Control)
    Emm_V5_Synchronous_motion                0x080009fd   Thumb Code    46  emm_v5.o(i.Emm_V5_Synchronous_motion)
    Error_Handler                            0x08000a2b   Thumb Code     6  main.o(i.Error_Handler)
    HAL_DMA_Abort                            0x08000a31   Thumb Code   172  stm32f4xx_hal_dma.o(i.HAL_DMA_Abort)
    HAL_DMA_Abort_IT                         0x08000add   Thumb Code    40  stm32f4xx_hal_dma.o(i.HAL_DMA_Abort_IT)
    HAL_DMA_IRQHandler                       0x08000b05   Thumb Code   570  stm32f4xx_hal_dma.o(i.HAL_DMA_IRQHandler)
    HAL_DMA_Init                             0x08000d45   Thumb Code   232  stm32f4xx_hal_dma.o(i.HAL_DMA_Init)
    HAL_DMA_Start_IT                         0x08000e31   Thumb Code   146  stm32f4xx_hal_dma.o(i.HAL_DMA_Start_IT)
    HAL_Delay                                0x08000ec5   Thumb Code    36  stm32f4xx_hal.o(i.HAL_Delay)
    HAL_GPIO_Init                            0x08000eed   Thumb Code   454  stm32f4xx_hal_gpio.o(i.HAL_GPIO_Init)
    HAL_GPIO_TogglePin                       0x080010e1   Thumb Code    20  stm32f4xx_hal_gpio.o(i.HAL_GPIO_TogglePin)
    HAL_GPIO_WritePin                        0x080010f5   Thumb Code    12  stm32f4xx_hal_gpio.o(i.HAL_GPIO_WritePin)
    HAL_GetTick                              0x08001101   Thumb Code     6  stm32f4xx_hal.o(i.HAL_GetTick)
    HAL_IncTick                              0x0800110d   Thumb Code    16  stm32f4xx_hal.o(i.HAL_IncTick)
    HAL_Init                                 0x08001125   Thumb Code    54  stm32f4xx_hal.o(i.HAL_Init)
    HAL_InitTick                             0x08001161   Thumb Code    64  stm32f4xx_hal.o(i.HAL_InitTick)
    HAL_MspInit                              0x080011ad   Thumb Code    68  stm32f4xx_hal_msp.o(i.HAL_MspInit)
    HAL_NVIC_EnableIRQ                       0x080011f5   Thumb Code    40  stm32f4xx_hal_cortex.o(i.HAL_NVIC_EnableIRQ)
    HAL_NVIC_SetPriority                     0x0800121d   Thumb Code   124  stm32f4xx_hal_cortex.o(i.HAL_NVIC_SetPriority)
    HAL_NVIC_SetPriorityGrouping             0x08001299   Thumb Code    32  stm32f4xx_hal_cortex.o(i.HAL_NVIC_SetPriorityGrouping)
    HAL_RCC_ClockConfig                      0x080012c1   Thumb Code   368  stm32f4xx_hal_rcc.o(i.HAL_RCC_ClockConfig)
    HAL_RCC_GetHCLKFreq                      0x08001445   Thumb Code     6  stm32f4xx_hal_rcc.o(i.HAL_RCC_GetHCLKFreq)
    HAL_RCC_GetPCLK1Freq                     0x08001451   Thumb Code    22  stm32f4xx_hal_rcc.o(i.HAL_RCC_GetPCLK1Freq)
    HAL_RCC_GetPCLK2Freq                     0x08001471   Thumb Code    22  stm32f4xx_hal_rcc.o(i.HAL_RCC_GetPCLK2Freq)
    HAL_RCC_GetSysClockFreq                  0x08001491   Thumb Code   162  stm32f4xx_hal_rcc.o(i.HAL_RCC_GetSysClockFreq)
    HAL_RCC_OscConfig                        0x08001541   Thumb Code  1172  stm32f4xx_hal_rcc.o(i.HAL_RCC_OscConfig)
    HAL_SYSTICK_Config                       0x080019dd   Thumb Code    52  stm32f4xx_hal_cortex.o(i.HAL_SYSTICK_Config)
    HAL_TIMEx_BreakCallback                  0x08001a11   Thumb Code     2  stm32f4xx_hal_tim_ex.o(i.HAL_TIMEx_BreakCallback)
    HAL_TIMEx_CommutCallback                 0x08001a13   Thumb Code     2  stm32f4xx_hal_tim_ex.o(i.HAL_TIMEx_CommutCallback)
    HAL_TIMEx_ConfigBreakDeadTime            0x08001a15   Thumb Code   116  stm32f4xx_hal_tim_ex.o(i.HAL_TIMEx_ConfigBreakDeadTime)
    HAL_TIMEx_MasterConfigSynchronization    0x08001a89   Thumb Code   150  stm32f4xx_hal_tim_ex.o(i.HAL_TIMEx_MasterConfigSynchronization)
    HAL_TIM_Base_Init                        0x08001b3d   Thumb Code   102  stm32f4xx_hal_tim.o(i.HAL_TIM_Base_Init)
    HAL_TIM_Base_MspInit                     0x08001ba5   Thumb Code   230  tim.o(i.HAL_TIM_Base_MspInit)
    HAL_TIM_Base_Start_IT                    0x08001c9d   Thumb Code   138  stm32f4xx_hal_tim.o(i.HAL_TIM_Base_Start_IT)
    HAL_TIM_ConfigClockSource                0x08001d45   Thumb Code   268  stm32f4xx_hal_tim.o(i.HAL_TIM_ConfigClockSource)
    HAL_TIM_IC_CaptureCallback               0x08001e51   Thumb Code     2  stm32f4xx_hal_tim.o(i.HAL_TIM_IC_CaptureCallback)
    HAL_TIM_IRQHandler                       0x08001e53   Thumb Code   364  stm32f4xx_hal_tim.o(i.HAL_TIM_IRQHandler)
    HAL_TIM_MspPostInit                      0x08001fc1   Thumb Code    84  tim.o(i.HAL_TIM_MspPostInit)
    HAL_TIM_OC_DelayElapsedCallback          0x08002021   Thumb Code     2  stm32f4xx_hal_tim.o(i.HAL_TIM_OC_DelayElapsedCallback)
    HAL_TIM_PWM_ConfigChannel                0x08002023   Thumb Code   260  stm32f4xx_hal_tim.o(i.HAL_TIM_PWM_ConfigChannel)
    HAL_TIM_PWM_Init                         0x08002127   Thumb Code   102  stm32f4xx_hal_tim.o(i.HAL_TIM_PWM_Init)
    HAL_TIM_PWM_MspInit                      0x0800218d   Thumb Code     2  stm32f4xx_hal_tim.o(i.HAL_TIM_PWM_MspInit)
    HAL_TIM_PWM_PulseFinishedCallback        0x0800218f   Thumb Code     2  stm32f4xx_hal_tim.o(i.HAL_TIM_PWM_PulseFinishedCallback)
    HAL_TIM_PWM_Start                        0x08002191   Thumb Code   238  stm32f4xx_hal_tim.o(i.HAL_TIM_PWM_Start)
    HAL_TIM_PeriodElapsedCallback            0x0800229d   Thumb Code    60  control_logic.o(i.HAL_TIM_PeriodElapsedCallback)
    HAL_TIM_TriggerCallback                  0x080022ed   Thumb Code     2  stm32f4xx_hal_tim.o(i.HAL_TIM_TriggerCallback)
    HAL_UARTEx_ReceiveToIdle_DMA             0x080022ef   Thumb Code   114  stm32f4xx_hal_uart.o(i.HAL_UARTEx_ReceiveToIdle_DMA)
    HAL_UARTEx_RxEventCallback               0x08002361   Thumb Code    82  usart_callback.o(i.HAL_UARTEx_RxEventCallback)
    HAL_UART_ErrorCallback                   0x080023d5   Thumb Code    66  usart_callback.o(i.HAL_UART_ErrorCallback)
    HAL_UART_IRQHandler                      0x08002431   Thumb Code   740  stm32f4xx_hal_uart.o(i.HAL_UART_IRQHandler)
    HAL_UART_Init                            0x08002719   Thumb Code   118  stm32f4xx_hal_uart.o(i.HAL_UART_Init)
    HAL_UART_MspInit                         0x08002791   Thumb Code   674  usart.o(i.HAL_UART_MspInit)
    HAL_UART_RxCpltCallback                  0x08002a69   Thumb Code     2  usart_callback.o(i.HAL_UART_RxCpltCallback)
    HAL_UART_RxHalfCpltCallback              0x08002a6b   Thumb Code     2  stm32f4xx_hal_uart.o(i.HAL_UART_RxHalfCpltCallback)
    HAL_UART_Transmit                        0x08002a6d   Thumb Code   190  stm32f4xx_hal_uart.o(i.HAL_UART_Transmit)
    HAL_UART_TxCpltCallback                  0x08002b2b   Thumb Code     2  stm32f4xx_hal_uart.o(i.HAL_UART_TxCpltCallback)
    HardFault_Handler                        0x08002b2d   Thumb Code     4  stm32f4xx_it.o(i.HardFault_Handler)
    HardwareConfig                           0x08002b31   Thumb Code   118  hardware_config.o(i.HardwareConfig)
    K230_UART_UnPack                         0x08002bdd   Thumb Code   190  k230.o(i.K230_UART_UnPack)
    LED_Task_Off                             0x08002cb1   Thumb Code    16  servo.o(i.LED_Task_Off)
    LED_Task_On                              0x08002cc5   Thumb Code    14  servo.o(i.LED_Task_On)
    MX_DMA_Init                              0x08002cd9   Thumb Code   114  dma.o(i.MX_DMA_Init)
    MX_GPIO_Init                             0x08002d51   Thumb Code   276  gpio.o(i.MX_GPIO_Init)
    MX_TIM1_Init                             0x08002e75   Thumb Code   208  tim.o(i.MX_TIM1_Init)
    MX_TIM2_Init                             0x08002f4d   Thumb Code   102  tim.o(i.MX_TIM2_Init)
    MX_TIM3_Init                             0x08002fb9   Thumb Code   100  tim.o(i.MX_TIM3_Init)
    MX_TIM4_Init                             0x08003025   Thumb Code   102  tim.o(i.MX_TIM4_Init)
    MX_USART1_UART_Init                      0x08003095   Thumb Code    46  usart.o(i.MX_USART1_UART_Init)
    MX_USART2_UART_Init                      0x080030cd   Thumb Code    46  usart.o(i.MX_USART2_UART_Init)
    MX_USART3_UART_Init                      0x08003105   Thumb Code    46  usart.o(i.MX_USART3_UART_Init)
    MX_USART6_UART_Init                      0x0800313d   Thumb Code    46  usart.o(i.MX_USART6_UART_Init)
    Magnet_Off                               0x08003175   Thumb Code    16  servo.o(i.Magnet_Off)
    Magnet_On                                0x08003189   Thumb Code    14  servo.o(i.Magnet_On)
    MemManage_Handler                        0x0800319d   Thumb Code     4  stm32f4xx_it.o(i.MemManage_Handler)
    NMI_Handler                              0x080031a1   Thumb Code     4  stm32f4xx_it.o(i.NMI_Handler)
    PendSV_Handler                           0x080031a5   Thumb Code     2  stm32f4xx_it.o(i.PendSV_Handler)
    Place_Chess                              0x080031a9   Thumb Code   246  control.o(i.Place_Chess)
    Return_Chess                             0x080032b1   Thumb Code   264  control.o(i.Return_Chess)
    SVC_Handler                              0x080033c5   Thumb Code     2  stm32f4xx_it.o(i.SVC_Handler)
    Servo                                    0x080033c9   Thumb Code    48  servo.o(i.Servo)
    Servo_Down                               0x0800340d   Thumb Code    14  servo.o(i.Servo_Down)
    Servo_Up                                 0x08003421   Thumb Code    14  servo.o(i.Servo_Up)
    SysTick_Handler                          0x08003435   Thumb Code     8  stm32f4xx_it.o(i.SysTick_Handler)
    SystemClock_Config                       0x0800343d   Thumb Code   170  main.o(i.SystemClock_Config)
    SystemInit                               0x080034f1   Thumb Code    14  system_stm32f4xx.o(i.SystemInit)
    TIM2_IRQHandler                          0x08003505   Thumb Code    10  stm32f4xx_it.o(i.TIM2_IRQHandler)
    TIM3_IRQHandler                          0x08003515   Thumb Code    10  stm32f4xx_it.o(i.TIM3_IRQHandler)
    TIM4_IRQHandler                          0x08003525   Thumb Code    10  stm32f4xx_it.o(i.TIM4_IRQHandler)
    TIM_Base_SetConfig                       0x08003535   Thumb Code   186  stm32f4xx_hal_tim.o(i.TIM_Base_SetConfig)
    TIM_CCxChannelCmd                        0x0800361d   Thumb Code    34  stm32f4xx_hal_tim.o(i.TIM_CCxChannelCmd)
    TIM_ETR_SetConfig                        0x0800363f   Thumb Code    22  stm32f4xx_hal_tim.o(i.TIM_ETR_SetConfig)
    TIM_OC2_SetConfig                        0x080036d9   Thumb Code   114  stm32f4xx_hal_tim.o(i.TIM_OC2_SetConfig)
    TJC_UART_UnPack                          0x08003871   Thumb Code   206  tjc.o(i.TJC_UART_UnPack)
    UART_Start_Receive_DMA                   0x08003e75   Thumb Code   186  stm32f4xx_hal_uart.o(i.UART_Start_Receive_DMA)
    USART2_IRQHandler                        0x08004029   Thumb Code    10  stm32f4xx_it.o(i.USART2_IRQHandler)
    USART3_IRQHandler                        0x08004039   Thumb Code    10  stm32f4xx_it.o(i.USART3_IRQHandler)
    USART6_IRQHandler                        0x08004049   Thumb Code    10  stm32f4xx_it.o(i.USART6_IRQHandler)
    UsageFault_Handler                       0x08004059   Thumb Code     4  stm32f4xx_it.o(i.UsageFault_Handler)
    checkDelayTimer                          0x08004095   Thumb Code    14  control_logic.o(i.checkDelayTimer)
    control_t                                0x080040a9   Thumb Code   170  control.o(i.control_t)
    control_to_zero                          0x08004161   Thumb Code   188  control.o(i.control_to_zero)
    main                                     0x08004229   Thumb Code    68  main.o(i.main)
    usart2_SendCmd                           0x0800426d   Thumb Code    52  bsp_uart.o(i.usart2_SendCmd)
    _fp_init                                 0x080042a5   Thumb Code    10  fpinit.o(x$fpl$fpinit)
    __fplib_config_fpu_vfp                   0x080042ad   Thumb Code     0  fpinit.o(x$fpl$fpinit)
    __fplib_config_pureend_doubles           0x080042ad   Thumb Code     0  fpinit.o(x$fpl$fpinit)
    AHBPrescTable                            0x080042b6   Data          16  system_stm32f4xx.o(.constdata)
    APBPrescTable                            0x080042c6   Data           8  system_stm32f4xx.o(.constdata)
    Region$$Table$$Base                      0x080042d0   Number         0  anon$$obj.o(Region$$Table)
    Region$$Table$$Limit                     0x080042f0   Number         0  anon$$obj.o(Region$$Table)
    uwTick                                   0x20000000   Data           4  stm32f4xx_hal.o(.data)
    uwTickPrio                               0x20000004   Data           4  stm32f4xx_hal.o(.data)
    uwTickFreq                               0x20000008   Data           1  stm32f4xx_hal.o(.data)
    SystemCoreClock                          0x2000000c   Data           4  system_stm32f4xx.o(.data)
    SysTime                                  0x20000010   Data           8  bsp_dwt.o(.data)
    CYCCNT64                                 0x20000030   Data           8  bsp_dwt.o(.data)
    velocity                                 0x20000050   Data           2  control.o(.data)
    acc                                      0x20000052   Data           2  control.o(.data)
    raf                                      0x20000054   Data           1  control.o(.data)
    board_position                           0x20000058   Data          72  control.o(.data)
    board_rotate_position                    0x200000a0   Data          72  control.o(.data)
    chess_position                           0x200000e8   Data          80  control.o(.data)
    Task_Flag                                0x20000138   Data           1  tjc.o(.data)
    Selected_Chess                           0x20000139   Data           1  tjc.o(.data)
    Selected_Board                           0x2000013a   Data           1  tjc.o(.data)
    break_flag                               0x2000013b   Data           1  tjc.o(.data)
    Up_angle                                 0x2000013c   Data           4  servo.o(.data)
    Down_angle                               0x20000140   Data           4  servo.o(.data)
    Step_Board                               0x20000144   Data           1  k230.o(.data)
    Step_Board2                              0x20000145   Data           1  k230.o(.data)
    Test_Step                                0x20000146   Data           1  k230.o(.data)
    TimeCount                                0x20000148   Data           2  control_logic.o(.data)
    TimeUseFlag                              0x2000014a   Data           1  control_logic.o(.data)
    delayTimer                               0x2000014c   Data           8  control_logic.o(.data)
    black_placed                             0x20000154   Data           1  chess_task.o(.data)
    white_placed                             0x20000155   Data           1  chess_task.o(.data)
    total_placed                             0x20000156   Data           1  chess_task.o(.data)
    isTaskRunning                            0x20000157   Data           1  chess_task.o(.data)
    task_state                               0x20000158   Data           4  chess_task.o(.data)
    task_state2                              0x2000015c   Data           4  chess_task.o(.data)
    rotate_flag                              0x20000160   Data           1  chess_task.o(.data)
    black_chess_ID_i                         0x20000161   Data           1  chess_task.o(.data)
    white_chess_ID_i                         0x20000162   Data           1  chess_task.o(.data)
    htim1                                    0x20000164   Data          72  tim.o(.bss)
    htim2                                    0x200001ac   Data          72  tim.o(.bss)
    htim3                                    0x200001f4   Data          72  tim.o(.bss)
    htim4                                    0x2000023c   Data          72  tim.o(.bss)
    huart1                                   0x20000284   Data          72  usart.o(.bss)
    huart2                                   0x200002cc   Data          72  usart.o(.bss)
    huart3                                   0x20000314   Data          72  usart.o(.bss)
    huart6                                   0x2000035c   Data          72  usart.o(.bss)
    hdma_usart2_rx                           0x200003a4   Data          96  usart.o(.bss)
    hdma_usart3_rx                           0x20000404   Data          96  usart.o(.bss)
    hdma_usart6_rx                           0x20000464   Data          96  usart.o(.bss)
    rx2_buffer                               0x200004c4   Data         128  bsp_uart.o(.bss)
    rx3_buffer                               0x20000544   Data         128  bsp_uart.o(.bss)
    rx6_buffer                               0x200005c4   Data         128  bsp_uart.o(.bss)
    tjc_rx_handler                           0x20000644   Data          68  bsp_uart.o(.bss)
    k230_rx_handler                          0x20000688   Data          68  bsp_uart.o(.bss)
    __libspace_start                         0x200006cc   Data          96  libspace.o(.bss)
    __temporary_stack_top$libspace           0x2000072c   Data           0  libspace.o(.bss)



==============================================================================

Memory Map of the image

  Image Entry point : 0x08000189

  Load Region LR_IROM1 (Base: 0x08000000, Size: 0x00004454, Max: 0x00080000, ABSOLUTE, COMPRESSED[0x000043a0])

    Execution Region ER_IROM1 (Exec base: 0x08000000, Load base: 0x08000000, Size: 0x000042f0, Max: 0x00080000, ABSOLUTE)

    Exec Addr    Load Addr    Size         Type   Attr      Idx    E Section Name        Object

    0x08000000   0x08000000   0x00000188   Data   RO            3    RESET               startup_stm32f407xx.o
    0x08000188   0x08000188   0x00000008   Code   RO         3871  * !!!main             c_w.l(__main.o)
    0x08000190   0x08000190   0x00000034   Code   RO         4057    !!!scatter          c_w.l(__scatter.o)
    0x080001c4   0x080001c4   0x0000005a   Code   RO         4055    !!dczerorl2         c_w.l(__dczerorl2.o)
    0x0800021e   0x0800021e   0x00000002   PAD
    0x08000220   0x08000220   0x0000001c   Code   RO         4059    !!handler_zi        c_w.l(__scatter_zi.o)
    0x0800023c   0x0800023c   0x00000002   Code   RO         3923    .ARM.Collect$$libinit$$00000000  c_w.l(libinit.o)
    0x0800023e   0x0800023e   0x00000004   Code   RO         3935    .ARM.Collect$$libinit$$00000001  c_w.l(libinit2.o)
    0x08000242   0x08000242   0x00000000   Code   RO         3938    .ARM.Collect$$libinit$$00000004  c_w.l(libinit2.o)
    0x08000242   0x08000242   0x00000000   Code   RO         3941    .ARM.Collect$$libinit$$0000000A  c_w.l(libinit2.o)
    0x08000242   0x08000242   0x00000000   Code   RO         3943    .ARM.Collect$$libinit$$0000000C  c_w.l(libinit2.o)
    0x08000242   0x08000242   0x00000000   Code   RO         3945    .ARM.Collect$$libinit$$0000000E  c_w.l(libinit2.o)
    0x08000242   0x08000242   0x00000000   Code   RO         3948    .ARM.Collect$$libinit$$00000011  c_w.l(libinit2.o)
    0x08000242   0x08000242   0x00000000   Code   RO         3950    .ARM.Collect$$libinit$$00000013  c_w.l(libinit2.o)
    0x08000242   0x08000242   0x00000000   Code   RO         3952    .ARM.Collect$$libinit$$00000015  c_w.l(libinit2.o)
    0x08000242   0x08000242   0x00000000   Code   RO         3954    .ARM.Collect$$libinit$$00000017  c_w.l(libinit2.o)
    0x08000242   0x08000242   0x00000000   Code   RO         3956    .ARM.Collect$$libinit$$00000019  c_w.l(libinit2.o)
    0x08000242   0x08000242   0x00000000   Code   RO         3958    .ARM.Collect$$libinit$$0000001B  c_w.l(libinit2.o)
    0x08000242   0x08000242   0x00000000   Code   RO         3960    .ARM.Collect$$libinit$$0000001D  c_w.l(libinit2.o)
    0x08000242   0x08000242   0x00000000   Code   RO         3962    .ARM.Collect$$libinit$$0000001F  c_w.l(libinit2.o)
    0x08000242   0x08000242   0x00000000   Code   RO         3964    .ARM.Collect$$libinit$$00000021  c_w.l(libinit2.o)
    0x08000242   0x08000242   0x00000000   Code   RO         3966    .ARM.Collect$$libinit$$00000023  c_w.l(libinit2.o)
    0x08000242   0x08000242   0x00000000   Code   RO         3968    .ARM.Collect$$libinit$$00000025  c_w.l(libinit2.o)
    0x08000242   0x08000242   0x00000000   Code   RO         3972    .ARM.Collect$$libinit$$0000002C  c_w.l(libinit2.o)
    0x08000242   0x08000242   0x00000000   Code   RO         3974    .ARM.Collect$$libinit$$0000002E  c_w.l(libinit2.o)
    0x08000242   0x08000242   0x00000000   Code   RO         3976    .ARM.Collect$$libinit$$00000030  c_w.l(libinit2.o)
    0x08000242   0x08000242   0x00000000   Code   RO         3978    .ARM.Collect$$libinit$$00000032  c_w.l(libinit2.o)
    0x08000242   0x08000242   0x00000002   Code   RO         3979    .ARM.Collect$$libinit$$00000033  c_w.l(libinit2.o)
    0x08000244   0x08000244   0x00000002   Code   RO         4010    .ARM.Collect$$libshutdown$$00000000  c_w.l(libshutdown.o)
    0x08000246   0x08000246   0x00000000   Code   RO         4036    .ARM.Collect$$libshutdown$$00000002  c_w.l(libshutdown2.o)
    0x08000246   0x08000246   0x00000000   Code   RO         4038    .ARM.Collect$$libshutdown$$00000004  c_w.l(libshutdown2.o)
    0x08000246   0x08000246   0x00000000   Code   RO         4040    .ARM.Collect$$libshutdown$$00000006  c_w.l(libshutdown2.o)
    0x08000246   0x08000246   0x00000000   Code   RO         4043    .ARM.Collect$$libshutdown$$00000009  c_w.l(libshutdown2.o)
    0x08000246   0x08000246   0x00000000   Code   RO         4046    .ARM.Collect$$libshutdown$$0000000C  c_w.l(libshutdown2.o)
    0x08000246   0x08000246   0x00000000   Code   RO         4048    .ARM.Collect$$libshutdown$$0000000E  c_w.l(libshutdown2.o)
    0x08000246   0x08000246   0x00000000   Code   RO         4051    .ARM.Collect$$libshutdown$$00000011  c_w.l(libshutdown2.o)
    0x08000246   0x08000246   0x00000002   Code   RO         4052    .ARM.Collect$$libshutdown$$00000012  c_w.l(libshutdown2.o)
    0x08000248   0x08000248   0x00000000   Code   RO         3883    .ARM.Collect$$rtentry$$00000000  c_w.l(__rtentry.o)
    0x08000248   0x08000248   0x00000000   Code   RO         3894    .ARM.Collect$$rtentry$$00000002  c_w.l(__rtentry2.o)
    0x08000248   0x08000248   0x00000006   Code   RO         3906    .ARM.Collect$$rtentry$$00000004  c_w.l(__rtentry4.o)
    0x0800024e   0x0800024e   0x00000000   Code   RO         3896    .ARM.Collect$$rtentry$$00000009  c_w.l(__rtentry2.o)
    0x0800024e   0x0800024e   0x00000004   Code   RO         3897    .ARM.Collect$$rtentry$$0000000A  c_w.l(__rtentry2.o)
    0x08000252   0x08000252   0x00000000   Code   RO         3899    .ARM.Collect$$rtentry$$0000000C  c_w.l(__rtentry2.o)
    0x08000252   0x08000252   0x00000008   Code   RO         3900    .ARM.Collect$$rtentry$$0000000D  c_w.l(__rtentry2.o)
    0x0800025a   0x0800025a   0x00000002   Code   RO         3927    .ARM.Collect$$rtexit$$00000000  c_w.l(rtexit.o)
    0x0800025c   0x0800025c   0x00000000   Code   RO         3983    .ARM.Collect$$rtexit$$00000002  c_w.l(rtexit2.o)
    0x0800025c   0x0800025c   0x00000004   Code   RO         3984    .ARM.Collect$$rtexit$$00000003  c_w.l(rtexit2.o)
    0x08000260   0x08000260   0x00000006   Code   RO         3985    .ARM.Collect$$rtexit$$00000004  c_w.l(rtexit2.o)
    0x08000266   0x08000266   0x00000002   PAD
    0x08000268   0x08000268   0x00000040   Code   RO            4    .text               startup_stm32f407xx.o
    0x080002a8   0x080002a8   0x000000ee   Code   RO         3863    .text               c_w.l(lludivv7m.o)
    0x08000396   0x08000396   0x00000044   Code   RO         3865    .text               c_w.l(rt_memclr.o)
    0x080003da   0x080003da   0x0000004e   Code   RO         3867    .text               c_w.l(rt_memclr_w.o)
    0x08000428   0x08000428   0x00000006   Code   RO         3869    .text               c_w.l(heapauxi.o)
    0x0800042e   0x0800042e   0x0000004a   Code   RO         3910    .text               c_w.l(sys_stackheap_outer.o)
    0x08000478   0x08000478   0x00000012   Code   RO         3912    .text               c_w.l(exit.o)
    0x0800048a   0x0800048a   0x00000002   PAD
    0x0800048c   0x0800048c   0x00000008   Code   RO         3924    .text               c_w.l(libspace.o)
    0x08000494   0x08000494   0x0000000c   Code   RO         3980    .text               c_w.l(sys_exit.o)
    0x080004a0   0x080004a0   0x00000002   Code   RO         3999    .text               c_w.l(use_no_semi.o)
    0x080004a2   0x080004a2   0x00000000   Code   RO         4001    .text               c_w.l(indicate_semi.o)
    0x080004a2   0x080004a2   0x00000004   Code   RO          343    i.BusFault_Handler  stm32f4xx_it.o
    0x080004a6   0x080004a6   0x00000002   PAD
    0x080004a8   0x080004a8   0x00000090   Code   RO         3794    i.Chess_Task        chess_task.o
    0x08000538   0x08000538   0x00000018   Code   RO         3795    i.Chess_Task1       chess_task.o
    0x08000550   0x08000550   0x00000058   Code   RO         3796    i.Chess_Task2       chess_task.o
    0x080005a8   0x080005a8   0x00000064   Code   RO         3797    i.Chess_Task3       chess_task.o
    0x0800060c   0x0800060c   0x00000074   Code   RO         3798    i.Chess_Task4       chess_task.o
    0x08000680   0x08000680   0x0000007c   Code   RO         3799    i.Chess_Task5       chess_task.o
    0x080006fc   0x080006fc   0x00000048   Code   RO         3800    i.Chess_Task6       chess_task.o
    0x08000744   0x08000744   0x00000010   Code   RO          344    i.DMA1_Stream1_IRQHandler  stm32f4xx_it.o
    0x08000754   0x08000754   0x00000010   Code   RO          345    i.DMA1_Stream5_IRQHandler  stm32f4xx_it.o
    0x08000764   0x08000764   0x00000010   Code   RO          346    i.DMA2_Stream1_IRQHandler  stm32f4xx_it.o
    0x08000774   0x08000774   0x00000034   Code   RO         1985    i.DMA_CalcBaseAndBitshift  stm32f4xx_hal_dma.o
    0x080007a8   0x080007a8   0x000000aa   Code   RO         1986    i.DMA_CheckFifoParam  stm32f4xx_hal_dma.o
    0x08000852   0x08000852   0x0000002c   Code   RO         1987    i.DMA_SetConfig     stm32f4xx_hal_dma.o
    0x0800087e   0x0800087e   0x00000002   PAD
    0x08000880   0x08000880   0x00000068   Code   RO         3098    i.DWT_Init          bsp_dwt.o
    0x080008e8   0x080008e8   0x00000002   Code   RO          347    i.DebugMon_Handler  stm32f4xx_it.o
    0x080008ea   0x080008ea   0x00000002   PAD
    0x080008ec   0x080008ec   0x00000010   Code   RO         3752    i.Delay_Timer       control_logic.o
    0x080008fc   0x080008fc   0x00000052   Code   RO         3273    i.EmmEN_Init        control.o
    0x0800094e   0x0800094e   0x00000008   Code   RO         3274    i.Emm_Test          control.o
    0x08000956   0x08000956   0x0000003a   Code   RO         3368    i.Emm_V5_En_Control  emm_v5.o
    0x08000990   0x08000990   0x0000006c   Code   RO         3374    i.Emm_V5_Pos_Control  emm_v5.o
    0x080009fc   0x080009fc   0x0000002e   Code   RO         3379    i.Emm_V5_Synchronous_motion  emm_v5.o
    0x08000a2a   0x08000a2a   0x00000006   Code   RO           13    i.Error_Handler     main.o
    0x08000a30   0x08000a30   0x000000ac   Code   RO         1988    i.HAL_DMA_Abort     stm32f4xx_hal_dma.o
    0x08000adc   0x08000adc   0x00000028   Code   RO         1989    i.HAL_DMA_Abort_IT  stm32f4xx_hal_dma.o
    0x08000b04   0x08000b04   0x00000240   Code   RO         1993    i.HAL_DMA_IRQHandler  stm32f4xx_hal_dma.o
    0x08000d44   0x08000d44   0x000000ec   Code   RO         1994    i.HAL_DMA_Init      stm32f4xx_hal_dma.o
    0x08000e30   0x08000e30   0x00000092   Code   RO         1998    i.HAL_DMA_Start_IT  stm32f4xx_hal_dma.o
    0x08000ec2   0x08000ec2   0x00000002   PAD
    0x08000ec4   0x08000ec4   0x00000028   Code   RO         2430    i.HAL_Delay         stm32f4xx_hal.o
    0x08000eec   0x08000eec   0x000001f4   Code   RO         1881    i.HAL_GPIO_Init     stm32f4xx_hal_gpio.o
    0x080010e0   0x080010e0   0x00000014   Code   RO         1884    i.HAL_GPIO_TogglePin  stm32f4xx_hal_gpio.o
    0x080010f4   0x080010f4   0x0000000c   Code   RO         1885    i.HAL_GPIO_WritePin  stm32f4xx_hal_gpio.o
    0x08001100   0x08001100   0x0000000c   Code   RO         2436    i.HAL_GetTick       stm32f4xx_hal.o
    0x0800110c   0x0800110c   0x00000018   Code   RO         2442    i.HAL_IncTick       stm32f4xx_hal.o
    0x08001124   0x08001124   0x0000003c   Code   RO         2443    i.HAL_Init          stm32f4xx_hal.o
    0x08001160   0x08001160   0x0000004c   Code   RO         2444    i.HAL_InitTick      stm32f4xx_hal.o
    0x080011ac   0x080011ac   0x00000048   Code   RO          473    i.HAL_MspInit       stm32f4xx_hal_msp.o
    0x080011f4   0x080011f4   0x00000028   Code   RO         2273    i.HAL_NVIC_EnableIRQ  stm32f4xx_hal_cortex.o
    0x0800121c   0x0800121c   0x0000007c   Code   RO         2279    i.HAL_NVIC_SetPriority  stm32f4xx_hal_cortex.o
    0x08001298   0x08001298   0x00000028   Code   RO         2280    i.HAL_NVIC_SetPriorityGrouping  stm32f4xx_hal_cortex.o
    0x080012c0   0x080012c0   0x00000184   Code   RO         1482    i.HAL_RCC_ClockConfig  stm32f4xx_hal_rcc.o
    0x08001444   0x08001444   0x0000000c   Code   RO         1487    i.HAL_RCC_GetHCLKFreq  stm32f4xx_hal_rcc.o
    0x08001450   0x08001450   0x00000020   Code   RO         1489    i.HAL_RCC_GetPCLK1Freq  stm32f4xx_hal_rcc.o
    0x08001470   0x08001470   0x00000020   Code   RO         1490    i.HAL_RCC_GetPCLK2Freq  stm32f4xx_hal_rcc.o
    0x08001490   0x08001490   0x000000b0   Code   RO         1491    i.HAL_RCC_GetSysClockFreq  stm32f4xx_hal_rcc.o
    0x08001540   0x08001540   0x0000049c   Code   RO         1494    i.HAL_RCC_OscConfig  stm32f4xx_hal_rcc.o
    0x080019dc   0x080019dc   0x00000034   Code   RO         2284    i.HAL_SYSTICK_Config  stm32f4xx_hal_cortex.o
    0x08001a10   0x08001a10   0x00000002   Code   RO         1214    i.HAL_TIMEx_BreakCallback  stm32f4xx_hal_tim_ex.o
    0x08001a12   0x08001a12   0x00000002   Code   RO         1215    i.HAL_TIMEx_CommutCallback  stm32f4xx_hal_tim_ex.o
    0x08001a14   0x08001a14   0x00000074   Code   RO         1217    i.HAL_TIMEx_ConfigBreakDeadTime  stm32f4xx_hal_tim_ex.o
    0x08001a88   0x08001a88   0x000000b4   Code   RO         1233    i.HAL_TIMEx_MasterConfigSynchronization  stm32f4xx_hal_tim_ex.o
    0x08001b3c   0x08001b3c   0x00000066   Code   RO          499    i.HAL_TIM_Base_Init  stm32f4xx_hal_tim.o
    0x08001ba2   0x08001ba2   0x00000002   PAD
    0x08001ba4   0x08001ba4   0x000000f8   Code   RO          218    i.HAL_TIM_Base_MspInit  tim.o
    0x08001c9c   0x08001c9c   0x000000a8   Code   RO          504    i.HAL_TIM_Base_Start_IT  stm32f4xx_hal_tim.o
    0x08001d44   0x08001d44   0x0000010c   Code   RO          508    i.HAL_TIM_ConfigClockSource  stm32f4xx_hal_tim.o
    0x08001e50   0x08001e50   0x00000002   Code   RO          533    i.HAL_TIM_IC_CaptureCallback  stm32f4xx_hal_tim.o
    0x08001e52   0x08001e52   0x0000016c   Code   RO          547    i.HAL_TIM_IRQHandler  stm32f4xx_hal_tim.o
    0x08001fbe   0x08001fbe   0x00000002   PAD
    0x08001fc0   0x08001fc0   0x00000060   Code   RO          219    i.HAL_TIM_MspPostInit  tim.o
    0x08002020   0x08002020   0x00000002   Code   RO          550    i.HAL_TIM_OC_DelayElapsedCallback  stm32f4xx_hal_tim.o
    0x08002022   0x08002022   0x00000104   Code   RO          571    i.HAL_TIM_PWM_ConfigChannel  stm32f4xx_hal_tim.o
    0x08002126   0x08002126   0x00000066   Code   RO          574    i.HAL_TIM_PWM_Init  stm32f4xx_hal_tim.o
    0x0800218c   0x0800218c   0x00000002   Code   RO          576    i.HAL_TIM_PWM_MspInit  stm32f4xx_hal_tim.o
    0x0800218e   0x0800218e   0x00000002   Code   RO          577    i.HAL_TIM_PWM_PulseFinishedCallback  stm32f4xx_hal_tim.o
    0x08002190   0x08002190   0x0000010c   Code   RO          579    i.HAL_TIM_PWM_Start  stm32f4xx_hal_tim.o
    0x0800229c   0x0800229c   0x00000050   Code   RO         3753    i.HAL_TIM_PeriodElapsedCallback  control_logic.o
    0x080022ec   0x080022ec   0x00000002   Code   RO          590    i.HAL_TIM_TriggerCallback  stm32f4xx_hal_tim.o
    0x080022ee   0x080022ee   0x00000072   Code   RO         2691    i.HAL_UARTEx_ReceiveToIdle_DMA  stm32f4xx_hal_uart.o
    0x08002360   0x08002360   0x00000074   Code   RO         3704    i.HAL_UARTEx_RxEventCallback  usart_callback.o
    0x080023d4   0x080023d4   0x0000005c   Code   RO         3705    i.HAL_UART_ErrorCallback  usart_callback.o
    0x08002430   0x08002430   0x000002e8   Code   RO         2710    i.HAL_UART_IRQHandler  stm32f4xx_hal_uart.o
    0x08002718   0x08002718   0x00000076   Code   RO         2711    i.HAL_UART_Init     stm32f4xx_hal_uart.o
    0x0800278e   0x0800278e   0x00000002   PAD
    0x08002790   0x08002790   0x000002d8   Code   RO          284    i.HAL_UART_MspInit  usart.o
    0x08002a68   0x08002a68   0x00000002   Code   RO         3706    i.HAL_UART_RxCpltCallback  usart_callback.o
    0x08002a6a   0x08002a6a   0x00000002   Code   RO         2718    i.HAL_UART_RxHalfCpltCallback  stm32f4xx_hal_uart.o
    0x08002a6c   0x08002a6c   0x000000be   Code   RO         2719    i.HAL_UART_Transmit  stm32f4xx_hal_uart.o
    0x08002b2a   0x08002b2a   0x00000002   Code   RO         2722    i.HAL_UART_TxCpltCallback  stm32f4xx_hal_uart.o
    0x08002b2c   0x08002b2c   0x00000004   Code   RO          348    i.HardFault_Handler  stm32f4xx_it.o
    0x08002b30   0x08002b30   0x000000ac   Code   RO         3679    i.HardwareConfig    hardware_config.o
    0x08002bdc   0x08002bdc   0x000000d4   Code   RO         3648    i.K230_UART_UnPack  k230.o
    0x08002cb0   0x08002cb0   0x00000014   Code   RO         3575    i.LED_Task_Off      servo.o
    0x08002cc4   0x08002cc4   0x00000014   Code   RO         3576    i.LED_Task_On       servo.o
    0x08002cd8   0x08002cd8   0x00000078   Code   RO          193    i.MX_DMA_Init       dma.o
    0x08002d50   0x08002d50   0x00000124   Code   RO          169    i.MX_GPIO_Init      gpio.o
    0x08002e74   0x08002e74   0x000000d8   Code   RO          220    i.MX_TIM1_Init      tim.o
    0x08002f4c   0x08002f4c   0x0000006c   Code   RO          221    i.MX_TIM2_Init      tim.o
    0x08002fb8   0x08002fb8   0x0000006c   Code   RO          222    i.MX_TIM3_Init      tim.o
    0x08003024   0x08003024   0x00000070   Code   RO          223    i.MX_TIM4_Init      tim.o
    0x08003094   0x08003094   0x00000038   Code   RO          285    i.MX_USART1_UART_Init  usart.o
    0x080030cc   0x080030cc   0x00000038   Code   RO          286    i.MX_USART2_UART_Init  usart.o
    0x08003104   0x08003104   0x00000038   Code   RO          287    i.MX_USART3_UART_Init  usart.o
    0x0800313c   0x0800313c   0x00000038   Code   RO          288    i.MX_USART6_UART_Init  usart.o
    0x08003174   0x08003174   0x00000014   Code   RO         3577    i.Magnet_Off        servo.o
    0x08003188   0x08003188   0x00000014   Code   RO         3578    i.Magnet_On         servo.o
    0x0800319c   0x0800319c   0x00000004   Code   RO          349    i.MemManage_Handler  stm32f4xx_it.o
    0x080031a0   0x080031a0   0x00000004   Code   RO          350    i.NMI_Handler       stm32f4xx_it.o
    0x080031a4   0x080031a4   0x00000002   Code   RO          351    i.PendSV_Handler    stm32f4xx_it.o
    0x080031a6   0x080031a6   0x00000002   PAD
    0x080031a8   0x080031a8   0x00000108   Code   RO         3275    i.Place_Chess       control.o
    0x080032b0   0x080032b0   0x00000114   Code   RO         3277    i.Return_Chess      control.o
    0x080033c4   0x080033c4   0x00000002   Code   RO          352    i.SVC_Handler       stm32f4xx_it.o
    0x080033c6   0x080033c6   0x00000002   PAD
    0x080033c8   0x080033c8   0x00000044   Code   RO         3579    i.Servo             servo.o
    0x0800340c   0x0800340c   0x00000014   Code   RO         3580    i.Servo_Down        servo.o
    0x08003420   0x08003420   0x00000014   Code   RO         3581    i.Servo_Up          servo.o
    0x08003434   0x08003434   0x00000008   Code   RO          353    i.SysTick_Handler   stm32f4xx_it.o
    0x0800343c   0x0800343c   0x000000b4   Code   RO           14    i.SystemClock_Config  main.o
    0x080034f0   0x080034f0   0x00000014   Code   RO         3055    i.SystemInit        system_stm32f4xx.o
    0x08003504   0x08003504   0x00000010   Code   RO          354    i.TIM2_IRQHandler   stm32f4xx_it.o
    0x08003514   0x08003514   0x00000010   Code   RO          355    i.TIM3_IRQHandler   stm32f4xx_it.o
    0x08003524   0x08003524   0x00000010   Code   RO          356    i.TIM4_IRQHandler   stm32f4xx_it.o
    0x08003534   0x08003534   0x000000e8   Code   RO          592    i.TIM_Base_SetConfig  stm32f4xx_hal_tim.o
    0x0800361c   0x0800361c   0x00000022   Code   RO          593    i.TIM_CCxChannelCmd  stm32f4xx_hal_tim.o
    0x0800363e   0x0800363e   0x00000016   Code   RO          603    i.TIM_ETR_SetConfig  stm32f4xx_hal_tim.o
    0x08003654   0x08003654   0x00000012   Code   RO          604    i.TIM_ITRx_SetConfig  stm32f4xx_hal_tim.o
    0x08003666   0x08003666   0x00000002   PAD
    0x08003668   0x08003668   0x00000070   Code   RO          605    i.TIM_OC1_SetConfig  stm32f4xx_hal_tim.o
    0x080036d8   0x080036d8   0x0000007c   Code   RO          606    i.TIM_OC2_SetConfig  stm32f4xx_hal_tim.o
    0x08003754   0x08003754   0x00000078   Code   RO          607    i.TIM_OC3_SetConfig  stm32f4xx_hal_tim.o
    0x080037cc   0x080037cc   0x00000054   Code   RO          608    i.TIM_OC4_SetConfig  stm32f4xx_hal_tim.o
    0x08003820   0x08003820   0x00000026   Code   RO          610    i.TIM_TI1_ConfigInputStage  stm32f4xx_hal_tim.o
    0x08003846   0x08003846   0x00000028   Code   RO          612    i.TIM_TI2_ConfigInputStage  stm32f4xx_hal_tim.o
    0x0800386e   0x0800386e   0x00000002   PAD
    0x08003870   0x08003870   0x000000ec   Code   RO         3542    i.TJC_UART_UnPack   tjc.o
    0x0800395c   0x0800395c   0x00000014   Code   RO         2724    i.UART_DMAAbortOnError  stm32f4xx_hal_uart.o
    0x08003970   0x08003970   0x00000050   Code   RO         2725    i.UART_DMAError     stm32f4xx_hal_uart.o
    0x080039c0   0x080039c0   0x000000b4   Code   RO         2726    i.UART_DMAReceiveCplt  stm32f4xx_hal_uart.o
    0x08003a74   0x08003a74   0x00000024   Code   RO         2728    i.UART_DMARxHalfCplt  stm32f4xx_hal_uart.o
    0x08003a98   0x08003a98   0x0000006c   Code   RO         2734    i.UART_EndRxTransfer  stm32f4xx_hal_uart.o
    0x08003b04   0x08003b04   0x00000020   Code   RO         2735    i.UART_EndTransmit_IT  stm32f4xx_hal_uart.o
    0x08003b24   0x08003b24   0x00000026   Code   RO         2736    i.UART_EndTxTransfer  stm32f4xx_hal_uart.o
    0x08003b4a   0x08003b4a   0x000000fc   Code   RO         2737    i.UART_Receive_IT   stm32f4xx_hal_uart.o
    0x08003c46   0x08003c46   0x00000002   PAD
    0x08003c48   0x08003c48   0x0000022c   Code   RO         2738    i.UART_SetConfig    stm32f4xx_hal_uart.o
    0x08003e74   0x08003e74   0x000000c8   Code   RO         2739    i.UART_Start_Receive_DMA  stm32f4xx_hal_uart.o
    0x08003f3c   0x08003f3c   0x00000060   Code   RO         2741    i.UART_Transmit_IT  stm32f4xx_hal_uart.o
    0x08003f9c   0x08003f9c   0x0000008c   Code   RO         2742    i.UART_WaitOnFlagUntilTimeout  stm32f4xx_hal_uart.o
    0x08004028   0x08004028   0x00000010   Code   RO          357    i.USART2_IRQHandler  stm32f4xx_it.o
    0x08004038   0x08004038   0x00000010   Code   RO          358    i.USART3_IRQHandler  stm32f4xx_it.o
    0x08004048   0x08004048   0x00000010   Code   RO          359    i.USART6_IRQHandler  stm32f4xx_it.o
    0x08004058   0x08004058   0x00000004   Code   RO          360    i.UsageFault_Handler  stm32f4xx_it.o
    0x0800405c   0x0800405c   0x00000010   Code   RO         2286    i.__NVIC_GetPriorityGrouping  stm32f4xx_hal_cortex.o
    0x0800406c   0x0800406c   0x00000028   Code   RO         2287    i.__NVIC_SetPriority  stm32f4xx_hal_cortex.o
    0x08004094   0x08004094   0x00000014   Code   RO         3754    i.checkDelayTimer   control_logic.o
    0x080040a8   0x080040a8   0x000000b8   Code   RO         3279    i.control_t         control.o
    0x08004160   0x08004160   0x000000c8   Code   RO         3280    i.control_to_zero   control.o
    0x08004228   0x08004228   0x00000044   Code   RO           15    i.main              main.o
    0x0800426c   0x0800426c   0x00000038   Code   RO         3169    i.usart2_SendCmd    bsp_uart.o
    0x080042a4   0x080042a4   0x0000000a   Code   RO         3995    x$fpl$fpinit        fz_wm.l(fpinit.o)
    0x080042ae   0x080042ae   0x00000008   Data   RO         2000    .constdata          stm32f4xx_hal_dma.o
    0x080042b6   0x080042b6   0x00000018   Data   RO         3056    .constdata          system_stm32f4xx.o
    0x080042ce   0x080042ce   0x00000002   PAD
    0x080042d0   0x080042d0   0x00000020   Data   RO         4053    Region$$Table       anon$$obj.o


    Execution Region RW_IRAM1 (Exec base: 0x20000000, Load base: 0x080042f0, Size: 0x00000d30, Max: 0x0001c000, ABSOLUTE, COMPRESSED[0x000000b0])

    Exec Addr    Load Addr    Size         Type   Attr      Idx    E Section Name        Object

    0x20000000   COMPRESSED   0x00000009   Data   RW         2450    .data               stm32f4xx_hal.o
    0x20000009   COMPRESSED   0x00000003   PAD
    0x2000000c   COMPRESSED   0x00000004   Data   RW         3057    .data               system_stm32f4xx.o
    0x20000010   COMPRESSED   0x00000040   Data   RW         3100    .data               bsp_dwt.o
    0x20000050   COMPRESSED   0x000000e8   Data   RW         3281    .data               control.o
    0x20000138   COMPRESSED   0x00000004   Data   RW         3543    .data               tjc.o
    0x2000013c   COMPRESSED   0x00000008   Data   RW         3582    .data               servo.o
    0x20000144   COMPRESSED   0x00000003   Data   RW         3649    .data               k230.o
    0x20000147   COMPRESSED   0x00000001   PAD
    0x20000148   COMPRESSED   0x0000000c   Data   RW         3755    .data               control_logic.o
    0x20000154   COMPRESSED   0x0000000f   Data   RW         3801    .data               chess_task.o
    0x20000163   COMPRESSED   0x00000001   PAD
    0x20000164        -       0x00000120   Zero   RW          224    .bss                tim.o
    0x20000284        -       0x00000240   Zero   RW          289    .bss                usart.o
    0x200004c4        -       0x00000208   Zero   RW         3172    .bss                bsp_uart.o
    0x200006cc        -       0x00000060   Zero   RW         3925    .bss                c_w.l(libspace.o)
    0x2000072c   COMPRESSED   0x00000004   PAD
    0x20000730        -       0x00000200   Zero   RW            2    HEAP                startup_stm32f407xx.o
    0x20000930        -       0x00000400   Zero   RW            1    STACK               startup_stm32f407xx.o


    Execution Region RW_IRAM2 (Exec base: 0x2001c000, Load base: 0x080043a0, Size: 0x00000000, Max: 0x00004000, ABSOLUTE)

    **** No section assigned to this execution region ****


==============================================================================

Image component sizes


      Code (inc. data)   RO Data    RW Data    ZI Data      Debug   Object Name

       104         30          0         64          0       2098   bsp_dwt.o
        56          4          0          0        520       2091   bsp_uart.o
       668        108          0         15          0       5881   chess_task.o
      1014         56          0        232          0       5242   control.o
       116         30          0         12          0       2703   control_logic.o
       120          6          0          0          0        842   dma.o
       212          0          0          0          0       2253   emm_v5.o
       292         16          0          0          0       1079   gpio.o
       172         54          0          0          0        561   hardware_config.o
       212         22          0          3          0       1495   k230.o
       254         10          0          0          0     692928   main.o
       188         52          0          8          0       3816   servo.o
        64         26        392          0       1536        856   startup_stm32f407xx.o
       212         36          0          9          0       9489   stm32f4xx_hal.o
       312         22          0          0          0      34415   stm32f4xx_hal_cortex.o
      1436         16          8          0          0       7134   stm32f4xx_hal_dma.o
       532         46          0          0          0       2805   stm32f4xx_hal_gpio.o
        72          4          0          0          0        882   stm32f4xx_hal_msp.o
      1820         84          0          0          0       5696   stm32f4xx_hal_rcc.o
      2366        142          0          0          0      16836   stm32f4xx_hal_tim.o
       300         30          0          0          0       3409   stm32f4xx_hal_tim_ex.o
      2908         28          0          0          0      15290   stm32f4xx_hal_uart.o
       178         54          0          0          0       8906   stm32f4xx_it.o
        20          6         24          4          0       1163   system_stm32f4xx.o
       888         62          0          0        288       4723   tim.o
       236         30          0          4          0       1572   tjc.o
       952         94          0          0        576       4058   usart.o
       210         60          0          0          0       2328   usart_callback.o

    ----------------------------------------------------------------------
     15938       1128        458        356       2920     840551   Object Totals
         0          0         32          0          0          0   (incl. Generated)
        24          0          2          5          0          0   (incl. Padding)

    ----------------------------------------------------------------------

      Code (inc. data)   RO Data    RW Data    ZI Data      Debug   Library Member Name

        90          0          0          0          0          0   __dczerorl2.o
         8          0          0          0          0         68   __main.o
         0          0          0          0          0          0   __rtentry.o
        12          0          0          0          0          0   __rtentry2.o
         6          0          0          0          0          0   __rtentry4.o
        52          8          0          0          0          0   __scatter.o
        28          0          0          0          0          0   __scatter_zi.o
        18          0          0          0          0         80   exit.o
         6          0          0          0          0        152   heapauxi.o
         0          0          0          0          0          0   indicate_semi.o
         2          0          0          0          0          0   libinit.o
         6          0          0          0          0          0   libinit2.o
         2          0          0          0          0          0   libshutdown.o
         2          0          0          0          0          0   libshutdown2.o
         8          4          0          0         96         68   libspace.o
       238          0          0          0          0        100   lludivv7m.o
        68          0          0          0          0         68   rt_memclr.o
        78          0          0          0          0         80   rt_memclr_w.o
         2          0          0          0          0          0   rtexit.o
        10          0          0          0          0          0   rtexit2.o
        12          4          0          0          0         68   sys_exit.o
        74          0          0          0          0         80   sys_stackheap_outer.o
         2          0          0          0          0         68   use_no_semi.o
        10          0          0          0          0        116   fpinit.o

    ----------------------------------------------------------------------
       740         16          0          0        100        948   Library Totals
         6          0          0          0          4          0   (incl. Padding)

    ----------------------------------------------------------------------

      Code (inc. data)   RO Data    RW Data    ZI Data      Debug   Library Name

       724         16          0          0         96        832   c_w.l
        10          0          0          0          0        116   fz_wm.l

    ----------------------------------------------------------------------
       740         16          0          0        100        948   Library Totals

    ----------------------------------------------------------------------

==============================================================================


      Code (inc. data)   RO Data    RW Data    ZI Data      Debug   

     16678       1144        458        356       3020     827787   Grand Totals
     16678       1144        458        176       3020     827787   ELF Image Totals (compressed)
     16678       1144        458        176          0          0   ROM Totals

==============================================================================

    Total RO  Size (Code + RO Data)                17136 (  16.73kB)
    Total RW  Size (RW Data + ZI Data)              3376 (   3.30kB)
    Total ROM Size (Code + RO Data + RW Data)      17312 (  16.91kB)

==============================================================================

